2026-06-13T08:00:00Z [DEBUG] telemetry-agent: Parsed incoming webhook body: 348 fields, signature=sha256=9a1de644
2026-06-13T08:00:02Z [WARN] order-service: Degraded response from search-service: fallback to cached results
2026-06-13T08:00:05Z [DEBUG] telemetry-agent: Signing JWT token with kid=rsa-key-1
2026-06-13T08:00:07Z [DEBUG] notification-service: SQL query plan cache hit for hash c17af08a
2026-06-13T08:00:10Z [INFO] telemetry-agent: Scheduled cron job sync-inventory executed at 08:00:00
2026-06-13T08:00:12Z [DEBUG] user-service: Signing JWT token with kid=rsa-key-2
2026-06-13T08:00:15Z [DEBUG] auth-service: Parsed incoming webhook body: 38 fields, signature=sha256=93829b43
2026-06-13T08:00:18Z [DEBUG] cron-scheduler: TLS handshake completed with downstream service order-service in 1570ms
2026-06-13T08:00:20Z [DEBUG] metrics-collector: Resolved DNS for db-replica-81.internal to 10.0.10.56
2026-06-13T08:00:22Z [DEBUG] cache-layer: Connection pool state: active=13 idle=9 waiting=0
2026-06-13T08:00:26Z [WARN] gateway-service: Database connection wait time elevated: 849ms avg over last minute
2026-06-13T08:00:28Z [DEBUG] metrics-collector: SQL query plan cache hit for hash 8d7248e2
2026-06-13T08:00:31Z [INFO] inventory-service: Service started on port 3000 in 1451ms
2026-06-13T08:00:33Z [ERROR] telemetry-agent: Unhandled exception in cron job sync-inventory: division by zero at InventorySync.java:632
2026-06-13T08:00:36Z [DEBUG] search-service: Token introspection cache miss for sub=66531, refreshing from auth-server
2026-06-13T08:00:38Z [WARN] database-cluster: Cache miss rate elevated: 89% over last 5 minutes on cache-layer
2026-06-13T08:00:41Z [INFO] cron-scheduler: Search index rebuilt: 337 documents indexed in 1209ms
2026-06-13T08:00:43Z [DEBUG] support-service: WebSocket frame received: type=ping, payload=432 bytes
2026-06-13T08:00:46Z [DEBUG] log-aggregator: TLS handshake completed with downstream service order-service in 3407ms
2026-06-13T08:00:48Z [INFO] cron-scheduler: Background worker started: processing queue batch-15
2026-06-13T08:00:51Z [DEBUG] gateway-service: SQL query plan cache hit for hash d6d7b3b8
2026-06-13T08:00:54Z [ERROR] order-service: Kafka producer error: topic=order-events, partition=477, reason=LeaderNotAvailable
2026-06-13T08:00:56Z [DEBUG] rate-limiter: WebSocket frame received: type=ping, payload=377 bytes
2026-06-13T08:00:59Z [INFO] telemetry-agent: Scheduled cron job sync-inventory executed at 08:00:00
2026-06-13T08:01:01Z [WARN] telemetry-agent: Cache miss rate elevated: 70% over last 5 minutes on cache-layer
2026-06-13T08:01:04Z [DEBUG] database-cluster: Validating payload size: 54 bytes (max 1048576)
2026-06-13T08:01:06Z [WARN] notification-service: Telemetry export batch delayed: expected flush in 10s, actual 3627ms
2026-06-13T08:01:09Z [WARN] metrics-collector: Degraded response from search-service: fallback to cached results
2026-06-13T08:01:11Z [INFO] log-aggregator: Scheduled cron job sync-inventory executed at 08:00:00
2026-06-13T08:01:14Z [ERROR] cache-layer: Webhook delivery failed to merchant-418: HTTP 400, response="invalid signature"
2026-06-13T08:01:17Z [ERROR] metrics-collector: Data corruption detected in cache entry key=order:130271: expected SHA 956eb77350ca, got d4bb45ff2c83
2026-06-13T08:01:19Z [ERROR] user-service: Out of memory: process killed by OOM killer on node-138
2026-06-13T08:01:22Z [WARN] cron-scheduler: Response size exceeded expected range: 255 bytes for GET /api/v1/catalog
2026-06-13T08:01:25Z [ERROR] cron-scheduler: SSL certificate verification failed for upstream notification-service: cert expired
2026-06-13T08:01:27Z [INFO] payment-service: Background worker started: processing queue batch-319
2026-06-13T08:01:30Z [INFO] database-cluster: TLS certificate renewed successfully, expires 2027-06-13
2026-06-13T08:01:32Z [DEBUG] order-service: Executing SQL query: SELECT * FROM orders WHERE user_id = 50492 LIMIT 50
2026-06-13T08:01:35Z [INFO] user-service: Order 809176 status updated to SHIPPED
2026-06-13T08:01:37Z [DEBUG] metrics-collector: Resolved DNS for db-replica-73.internal to 10.0.2.78
2026-06-13T08:01:40Z [ERROR] rate-limiter: Payment failed for order 389282: insufficient funds, provider=stripe, code=card_declined
2026-06-13T08:01:43Z [INFO] telemetry-agent: Order 666456 status updated to SHIPPED
2026-06-13T08:01:45Z [INFO] notification-service: Graceful shutdown initiated, draining 156 in-flight requests
2026-06-13T08:01:47Z [INFO] database-cluster: Metric snapshot exported: 52 series to monitoring backend
2026-06-13T08:01:50Z [WARN] user-service: Stale data detected in user-service replica lag: 417s behind primary
2026-06-13T08:01:53Z [INFO] order-service: User 85248 logged in successfully from IP 192.168.13.156
2026-06-13T08:01:55Z [INFO] cron-scheduler: Database migration 191 applied successfully
2026-06-13T08:01:58Z [DEBUG] support-service: Evicted 114 stale entries from LRU cache (current size: 32849)
2026-06-13T08:02:01Z [WARN] user-service: Response size exceeded expected range: 237 bytes for GET /api/v1/catalog
2026-06-13T08:02:03Z [ERROR] cache-layer: Database query failed: Deadlock found when trying to get lock on table order_items
2026-06-13T08:02:05Z [INFO] metrics-collector: WebSocket connection established with client-444
2026-06-13T08:02:08Z [INFO] auth-service: Metric snapshot exported: 166 series to monitoring backend
2026-06-13T08:02:11Z [INFO] telemetry-agent: Graceful shutdown initiated, draining 300 in-flight requests
2026-06-13T08:02:13Z [ERROR] inventory-service: Timeout connecting to inventory-service after 829ms (attempt 261/3)
2026-06-13T08:02:16Z [DEBUG] support-service: Collected metric batch: 238 datapoints queued for flush
2026-06-13T08:02:18Z [INFO] notification-service: Metric snapshot exported: 29 series to monitoring backend
2026-06-13T08:02:21Z [DEBUG] user-service: Cache lookup for key user:43544 returned 3.1.1 in 1225ms
2026-06-13T08:02:23Z [DEBUG] rate-limiter: Parsed incoming webhook body: 342 fields, signature=sha256=8ddce719
2026-06-13T08:02:26Z [WARN] cache-layer: Memory usage at 71% of allocated limit on node-175
2026-06-13T08:02:29Z [WARN] cache-layer: Disk usage on log volume at 84%, retention policy may need adjustment
2026-06-13T08:02:31Z [INFO] auth-service: Rate limit reset for client-329: window cleared
2026-06-13T08:02:34Z [WARN] inventory-service: Telemetry export batch delayed: expected flush in 10s, actual 2576ms
2026-06-13T08:02:37Z [INFO] metrics-collector: Cleanup job finished: removed 343 expired sessions from Redis
2026-06-13T08:02:39Z [ERROR] inventory-service: Incompatible schema version: consumer expects v205, producer sent v4021
2026-06-13T08:02:41Z [WARN] rate-limiter: Telemetry export batch delayed: expected flush in 10s, actual 647ms
2026-06-13T08:02:44Z [INFO] gateway-service: Search index rebuilt: 330 documents indexed in 2373ms
2026-06-13T08:02:46Z [INFO] order-service: Scheduled cron job sync-inventory executed at 08:00:00
2026-06-13T08:02:49Z [INFO] metrics-collector: Service started on port 9090 in 2891ms
2026-06-13T08:02:52Z [DEBUG] metrics-collector: SQL query plan cache hit for hash 0a4e2552
2026-06-13T08:02:54Z [INFO] database-cluster: WebSocket connection established with client-274
2026-06-13T08:02:57Z [INFO] log-aggregator: Order 824042 status updated to SHIPPED
2026-06-13T08:03:00Z [DEBUG] notification-service: Connection pool state: active=25 idle=7 waiting=0
2026-06-13T08:03:02Z [WARN] search-service: Upstream timeout from auth-service on token-refresh endpoint after 2226ms
2026-06-13T08:03:05Z [DEBUG] database-cluster: Executing SQL query: SELECT * FROM orders WHERE user_id = 21725 LIMIT 50
2026-06-13T08:03:07Z [ERROR] metrics-collector: Out of memory: process killed by OOM killer on node-171
2026-06-13T08:03:10Z [DEBUG] cron-scheduler: Parsed incoming webhook body: 490 fields, signature=sha256=1e43fbd2
2026-06-13T08:03:12Z [ERROR] search-service: Database query failed: Deadlock found when trying to get lock on table order_items
2026-06-13T08:03:15Z [INFO] metrics-collector: WebSocket connection established with client-346
2026-06-13T08:03:18Z [INFO] log-aggregator: Rate limit reset for client-194: window cleared
2026-06-13T08:03:20Z [ERROR] order-service: Payment failed for order 539605: insufficient funds, provider=stripe, code=card_declined
2026-06-13T08:03:23Z [INFO] cache-layer: Service started on port 8080 in 4271ms
2026-06-13T08:03:25Z [WARN] database-cluster: Memory usage at 76% of allocated limit on node-497
2026-06-13T08:03:28Z [INFO] cache-layer: Cache warmed: 494 entries loaded from database snapshot
2026-06-13T08:03:31Z [INFO] log-aggregator: Health check passed: all 10 dependencies healthy
2026-06-13T08:03:33Z [INFO] payment-service: Inventory count reconciled: 19 SKUs verified
2026-06-13T08:03:36Z [DEBUG] log-aggregator: Cache lookup for key user:12192 returned 3.1.16 in 2251ms
2026-06-13T08:03:38Z [WARN] user-service: Approaching rate limit: client-195 at 99% of hourly quota
2026-06-13T08:03:40Z [ERROR] cache-layer: Connection pool exhausted for database-cluster: all 387 connections in use, 9 waiting
2026-06-13T08:03:43Z [WARN] gateway-service: Disk usage on log volume at 80%, retention policy may need adjustment
2026-06-13T08:03:46Z [INFO] telemetry-agent: Email sent to user-27367: subject="Your order has shipped"
2026-06-13T08:03:48Z [DEBUG] telemetry-agent: Tracing span 4dfe1117 started for POST /api/v1/checkout
2026-06-13T08:03:51Z [DEBUG] cache-layer: Outbound HTTP POST to payment-gateway/api/v2/charge status=200 latency=2388ms
2026-06-13T08:03:53Z [INFO] cron-scheduler: Cleanup job finished: removed 300 expired sessions from Redis
2026-06-13T08:03:56Z [INFO] notification-service: Metric snapshot exported: 397 series to monitoring backend
2026-06-13T08:03:59Z [INFO] cache-layer: Cleanup job finished: removed 13 expired sessions from Redis
2026-06-13T08:04:01Z [ERROR] metrics-collector: File system read-only on /var/log: errno=EROFS, logging to fallback path
2026-06-13T08:04:04Z [WARN] payment-service: Cache miss rate elevated: 75% over last 5 minutes on cache-layer
2026-06-13T08:04:06Z [INFO] auth-service: Rate limit reset for client-101: window cleared
2026-06-13T08:04:09Z [WARN] support-service: Database connection wait time elevated: 936ms avg over last minute
2026-06-13T08:04:12Z [ERROR] log-aggregator: Kafka producer error: topic=order-events, partition=418, reason=LeaderNotAvailable
2026-06-13T08:04:14Z [WARN] cron-scheduler: Thread pool for order-service at 95% utilization, consider scaling
2026-06-13T08:04:17Z [INFO] cache-layer: Cache warmed: 291 entries loaded from database snapshot
2026-06-13T08:04:19Z [INFO] payment-service: Health check passed: all 373 dependencies healthy
2026-06-13T08:04:22Z [WARN] order-service: Pending async jobs exceeds threshold: 197 in queue, expected <100
2026-06-13T08:04:24Z [INFO] inventory-service: Service started on port 9090 in 691ms
2026-06-13T08:04:27Z [ERROR] inventory-service: Kafka consumer group lag critical: topic=events, lag=281, threshold=10000
2026-06-13T08:04:29Z [INFO] search-service: Order 442622 status updated to SHIPPED
2026-06-13T08:04:32Z [WARN] telemetry-agent: Connection pool for database-cluster nearing capacity: 377/1067 active
2026-06-13T08:04:35Z [INFO] order-service: Service started on port 5000 in 361ms
2026-06-13T08:04:37Z [WARN] auth-service: Response size exceeded expected range: 398 bytes for GET /api/v1/catalog
2026-06-13T08:04:40Z [WARN] gateway-service: Pending async jobs exceeds threshold: 436 in queue, expected <100
2026-06-13T08:04:43Z [DEBUG] telemetry-agent: TLS handshake completed with downstream service order-service in 2673ms
2026-06-13T08:04:45Z [WARN] database-cluster: Feature flag checkout_v2 has inconsistent rollout across regions
2026-06-13T08:04:48Z [ERROR] user-service: File system read-only on /var/log: errno=EROFS, logging to fallback path
2026-06-13T08:04:50Z [DEBUG] notification-service: Resolved DNS for db-replica-33.internal to 10.0.9.99
2026-06-13T08:04:52Z [ERROR] telemetry-agent: Payment failed for order 655149: insufficient funds, provider=stripe, code=card_declined
2026-06-13T08:04:55Z [INFO] search-service: Search index rebuilt: 253 documents indexed in 1439ms
2026-06-13T08:04:58Z [ERROR] rate-limiter: Kafka consumer group lag critical: topic=events, lag=156, threshold=10000
2026-06-13T08:05:00Z [ERROR] auth-service: Kafka producer error: topic=order-events, partition=329, reason=LeaderNotAvailable
2026-06-13T08:05:03Z [DEBUG] metrics-collector: Tracing span afe9be90 started for POST /api/v1/checkout
2026-06-13T08:05:05Z [DEBUG] user-service: TLS handshake completed with downstream service order-service in 3955ms
2026-06-13T08:05:08Z [INFO] log-aggregator: Cleanup job finished: removed 104 expired sessions from Redis
2026-06-13T08:05:10Z [INFO] telemetry-agent: Service started on port 3000 in 505ms
2026-06-13T08:05:13Z [INFO] inventory-service: Email sent to user-68856: subject="Your order has shipped"
2026-06-13T08:05:16Z [WARN] order-service: Stale data detected in user-service replica lag: 475s behind primary
2026-06-13T08:05:18Z [ERROR] cache-layer: Database query failed: Deadlock found when trying to get lock on table order_items
2026-06-13T08:05:21Z [ERROR] auth-service: Process crash: segfault in native extension libsearch-3.3.6.so, signal=11
2026-06-13T08:05:24Z [DEBUG] support-service: Serialized event payload to Avro: schema_id=302, size=11414 bytes
2026-06-13T08:05:26Z [DEBUG] database-cluster: Connection pool state: active=7 idle=2 waiting=0
2026-06-13T08:05:29Z [DEBUG] auth-service: Serialized event payload to Avro: schema_id=350, size=48620 bytes
2026-06-13T08:05:31Z [INFO] payment-service: Scheduled cron job sync-inventory executed at 08:00:00
2026-06-13T08:05:34Z [DEBUG] search-service: TLS handshake completed with downstream service order-service in 3749ms
2026-06-13T08:05:36Z [INFO] cron-scheduler: Database migration 21 applied successfully
2026-06-13T08:05:39Z [DEBUG] database-cluster: WebSocket frame received: type=ping, payload=174 bytes
2026-06-13T08:05:42Z [INFO] telemetry-agent: Inventory count reconciled: 340 SKUs verified
2026-06-13T08:05:44Z [DEBUG] order-service: Evicted 60 stale entries from LRU cache (current size: 44080)
2026-06-13T08:05:47Z [WARN] support-service: Memory usage at 91% of allocated limit on node-40
2026-06-13T08:05:49Z [ERROR] telemetry-agent: Timeout connecting to inventory-service after 2808ms (attempt 95/3)
2026-06-13T08:05:52Z [WARN] gateway-service: Memory usage at 90% of allocated limit on node-456
2026-06-13T08:05:55Z [ERROR] user-service: Data corruption detected in cache entry key=order:352593: expected SHA 2d1072b696ca, got ff35db496e6d
2026-06-13T08:05:57Z [DEBUG] user-service: Serialized event payload to Avro: schema_id=457, size=19199 bytes
2026-06-13T08:06:00Z [WARN] auth-service: Connection pool for database-cluster nearing capacity: 56/2183 active
2026-06-13T08:06:02Z [WARN] support-service: Telemetry export batch delayed: expected flush in 10s, actual 1423ms
2026-06-13T08:06:05Z [INFO] cache-layer: Inventory count reconciled: 109 SKUs verified
2026-06-13T08:06:08Z [INFO] inventory-service: Health check passed: all 18 dependencies healthy
2026-06-13T08:06:10Z [ERROR] rate-limiter: File system read-only on /var/log: errno=EROFS, logging to fallback path
2026-06-13T08:06:13Z [INFO] database-cluster: Search index rebuilt: 39 documents indexed in 2934ms
2026-06-13T08:06:15Z [INFO] notification-service: Health check passed: all 470 dependencies healthy
2026-06-13T08:06:17Z [INFO] search-service: Database migration 426 applied successfully
2026-06-13T08:06:20Z [INFO] user-service: WebSocket connection established with client-185
2026-06-13T08:06:23Z [ERROR] inventory-service: Internal server error on POST /api/v1/checkout: NullPointerException at OrderService.java:702
2026-06-13T08:06:25Z [DEBUG] search-service: Measured p99 latency for search endpoint: 2926ms over last 60s
2026-06-13T08:06:28Z [WARN] inventory-service: Pending async jobs exceeds threshold: 185 in queue, expected <100
2026-06-13T08:06:31Z [INFO] database-cluster: Order 625465 status updated to SHIPPED
2026-06-13T08:06:33Z [INFO] rate-limiter: Deployed version 3.4.18 to production cluster
2026-06-13T08:06:35Z [INFO] gateway-service: Notification queued: push notification to device-8889 for user-28214
2026-06-13T08:06:38Z [DEBUG] payment-service: Validating payload size: 458 bytes (max 1048576)
2026-06-13T08:06:41Z [INFO] payment-service: Scheduled cron job sync-inventory executed at 08:00:00
2026-06-13T08:06:43Z [ERROR] gateway-service: Webhook delivery failed to merchant-449: HTTP 400, response="invalid signature"
2026-06-13T08:06:46Z [DEBUG] gateway-service: Rate limit bucket for IP 192.168.129.67 now at 211/3067 requests per window
2026-06-13T08:06:48Z [ERROR] order-service: Database query failed: Deadlock found when trying to get lock on table order_items
2026-06-13T08:06:51Z [ERROR] auth-service: Kafka producer error: topic=order-events, partition=7, reason=LeaderNotAvailable
2026-06-13T08:06:54Z [INFO] search-service: Notification queued: push notification to device-5277 for user-12014
2026-06-13T08:06:56Z [ERROR] telemetry-agent: Rate limiter malfunction: failed to decrement counter for client-396, bucket=global
2026-06-13T08:06:59Z [WARN] cache-layer: Degraded response from search-service: fallback to cached results
2026-06-13T08:07:01Z [DEBUG] auth-service: Config reloaded from remote: feature_flag.checkout_v2 = 3.8.8
2026-06-13T08:07:04Z [INFO] metrics-collector: Scheduled cron job sync-inventory executed at 08:00:00
2026-06-13T08:07:06Z [DEBUG] inventory-service: Measured p99 latency for search endpoint: 819ms over last 60s
2026-06-13T08:07:09Z [DEBUG] payment-service: Executing SQL query: SELECT * FROM orders WHERE user_id = 38241 LIMIT 50
2026-06-13T08:07:12Z [INFO] user-service: Deployed version 3.9.18 to production cluster
2026-06-13T08:07:14Z [WARN] rate-limiter: Unrecognized field "legacy_id" in incoming payload, ignoring
2026-06-13T08:07:17Z [DEBUG] cron-scheduler: Resolved DNS for db-replica-228.internal to 10.0.5.135
2026-06-13T08:07:19Z [INFO] rate-limiter: Search index rebuilt: 228 documents indexed in 734ms
2026-06-13T08:07:22Z [DEBUG] log-aggregator: Rate limit bucket for IP 192.168.216.161 now at 426/3199 requests per window
2026-06-13T08:07:24Z [INFO] cache-layer: Request req-929868 completed: POST /api/v1/users => 201 Created in 4383ms
2026-06-13T08:07:27Z [WARN] inventory-service: Approaching rate limit: client-38 at 82% of hourly quota
2026-06-13T08:07:29Z [WARN] order-service: Disk usage on log volume at 95%, retention policy may need adjustment
2026-06-13T08:07:32Z [WARN] notification-service: Connection pool for database-cluster nearing capacity: 478/591 active
2026-06-13T08:07:34Z [DEBUG] rate-limiter: TLS handshake completed with downstream service order-service in 1314ms
2026-06-13T08:07:37Z [DEBUG] user-service: Executing SQL query: SELECT * FROM orders WHERE user_id = 27009 LIMIT 50
2026-06-13T08:07:40Z [WARN] auth-service: Feature flag checkout_v2 has inconsistent rollout across regions
2026-06-13T08:07:42Z [DEBUG] cron-scheduler: Evicted 275 stale entries from LRU cache (current size: 64483)
2026-06-13T08:07:45Z [INFO] database-cluster: Request req-327999 completed: POST /api/v1/users => 201 Created in 1760ms
2026-06-13T08:07:48Z [WARN] payment-service: Thread pool for order-service at 88% utilization, consider scaling
2026-06-13T08:07:50Z [INFO] cron-scheduler: Metric snapshot exported: 48 series to monitoring backend
2026-06-13T08:07:53Z [DEBUG] notification-service: Parsed incoming webhook body: 167 fields, signature=sha256=521be8c2
2026-06-13T08:07:55Z [WARN] user-service: Slow query detected: SELECT * FROM order_items took 1210ms (threshold 500ms)
2026-06-13T08:07:58Z [INFO] telemetry-agent: Background worker started: processing queue batch-406
2026-06-13T08:08:00Z [ERROR] gateway-service: Payment failed for order 655132: insufficient funds, provider=stripe, code=card_declined
2026-06-13T08:08:03Z [INFO] notification-service: Database migration 220 applied successfully
2026-06-13T08:08:05Z [WARN] inventory-service: Retry attempt 157/3 for payment-service /api/v1/charge: connection reset
2026-06-13T08:08:08Z [INFO] rate-limiter: Background worker started: processing queue batch-72
2026-06-13T08:08:11Z [INFO] auth-service: Notification queued: push notification to device-5989 for user-24328
2026-06-13T08:08:13Z [INFO] metrics-collector: Cleanup job finished: removed 400 expired sessions from Redis
2026-06-13T08:08:16Z [DEBUG] cron-scheduler: Evicted 283 stale entries from LRU cache (current size: 295)
2026-06-13T08:08:19Z [DEBUG] support-service: Config reloaded from remote: feature_flag.checkout_v2 = 3.6.14
2026-06-13T08:08:21Z [WARN] database-cluster: Pending async jobs exceeds threshold: 215 in queue, expected <100
2026-06-13T08:08:23Z [INFO] search-service: TLS certificate renewed successfully, expires 2027-06-13
2026-06-13T08:08:26Z [WARN] search-service: Feature flag checkout_v2 has inconsistent rollout across regions
2026-06-13T08:08:29Z [INFO] support-service: Search index rebuilt: 248 documents indexed in 1113ms
2026-06-13T08:08:31Z [DEBUG] order-service: Resolved DNS for db-replica-141.internal to 10.0.3.128
2026-06-13T08:08:34Z [INFO] order-service: Notification queued: push notification to device-6114 for user-98698
2026-06-13T08:08:36Z [DEBUG] payment-service: Connection pool state: active=18 idle=6 waiting=0
2026-06-13T08:08:39Z [INFO] payment-service: Graceful shutdown initiated, draining 317 in-flight requests
2026-06-13T08:08:41Z [INFO] cache-layer: Scheduled cron job sync-inventory executed at 08:00:00
2026-06-13T08:08:44Z [DEBUG] payment-service: Config reloaded from remote: feature_flag.checkout_v2 = 3.3.5
2026-06-13T08:08:47Z [INFO] support-service: Health check passed: all 456 dependencies healthy
2026-06-13T08:08:49Z [INFO] inventory-service: Cache warmed: 497 entries loaded from database snapshot
2026-06-13T08:08:52Z [DEBUG] inventory-service: Validating payload size: 75 bytes (max 1048576)
2026-06-13T08:08:54Z [DEBUG] rate-limiter: Executing SQL query: SELECT * FROM orders WHERE user_id = 14963 LIMIT 50
2026-06-13T08:08:57Z [INFO] database-cluster: WebSocket connection established with client-298
2026-06-13T08:08:59Z [WARN] telemetry-agent: Circuit breaker half-open for inventory-service, testing single request
2026-06-13T08:09:02Z [WARN] notification-service: Response size exceeded expected range: 244 bytes for GET /api/v1/catalog
2026-06-13T08:09:05Z [INFO] notification-service: WebSocket connection established with client-348
2026-06-13T08:09:07Z [INFO] search-service: Graceful shutdown initiated, draining 46 in-flight requests
2026-06-13T08:09:10Z [INFO] auth-service: User 44690 logged in successfully from IP 192.168.201.46
2026-06-13T08:09:12Z [INFO] gateway-service: Health check passed: all 79 dependencies healthy
2026-06-13T08:09:15Z [DEBUG] user-service: Token introspection cache miss for sub=80074, refreshing from auth-server
2026-06-13T08:09:17Z [INFO] database-cluster: Search index rebuilt: 496 documents indexed in 3681ms
2026-06-13T08:09:20Z [DEBUG] auth-service: Resolved DNS for db-replica-429.internal to 10.0.3.210
2026-06-13T08:09:22Z [DEBUG] telemetry-agent: Validating payload size: 285 bytes (max 1048576)
2026-06-13T08:09:25Z [DEBUG] telemetry-agent: Evicted 482 stale entries from LRU cache (current size: 23781)
2026-06-13T08:09:28Z [INFO] search-service: User 16955 logged in successfully from IP 192.168.254.46
2026-06-13T08:09:30Z [DEBUG] notification-service: WebSocket frame received: type=ping, payload=216 bytes
2026-06-13T08:09:33Z [INFO] inventory-service: Metric snapshot exported: 140 series to monitoring backend
2026-06-13T08:09:35Z [ERROR] support-service: Rate limiter malfunction: failed to decrement counter for client-378, bucket=global
2026-06-13T08:09:38Z [DEBUG] gateway-service: Tracing span b40bc353 started for POST /api/v1/checkout
2026-06-13T08:09:41Z [INFO] auth-service: Cache warmed: 359 entries loaded from database snapshot
2026-06-13T08:09:43Z [DEBUG] support-service: Measured p99 latency for search endpoint: 1847ms over last 60s
2026-06-13T08:09:46Z [ERROR] user-service: Timeout connecting to inventory-service after 2363ms (attempt 492/3)
2026-06-13T08:09:49Z [INFO] cache-layer: Database migration 250 applied successfully
2026-06-13T08:09:51Z [DEBUG] payment-service: Validating payload size: 23 bytes (max 1048576)
2026-06-13T08:09:54Z [INFO] database-cluster: Search index rebuilt: 411 documents indexed in 1205ms
2026-06-13T08:09:56Z [INFO] telemetry-agent: TLS certificate renewed successfully, expires 2027-06-13
2026-06-13T08:09:58Z [WARN] metrics-collector: Stale data detected in user-service replica lag: 414s behind primary
2026-06-13T08:10:01Z [WARN] inventory-service: Upstream timeout from auth-service on token-refresh endpoint after 3128ms
2026-06-13T08:10:04Z [WARN] support-service: Degraded response from search-service: fallback to cached results
2026-06-13T08:10:06Z [ERROR] auth-service: HTTP 503 from payment-service: service unavailable, retry-after=30s
2026-06-13T08:10:09Z [DEBUG] search-service: SQL query plan cache hit for hash d19fcf31
2026-06-13T08:10:11Z [WARN] notification-service: Memory usage at 79% of allocated limit on node-159
2026-06-13T08:10:14Z [ERROR] search-service: File system read-only on /var/log: errno=EROFS, logging to fallback path
2026-06-13T08:10:17Z [ERROR] support-service: Unhandled exception in cron job sync-inventory: division by zero at InventorySync.java:337
2026-06-13T08:10:19Z [INFO] cron-scheduler: Cache warmed: 353 entries loaded from database snapshot
2026-06-13T08:10:22Z [INFO] order-service: Background worker started: processing queue batch-175
2026-06-13T08:10:24Z [WARN] support-service: Retry attempt 80/3 for payment-service /api/v1/charge: connection reset
2026-06-13T08:10:27Z [DEBUG] metrics-collector: TLS handshake completed with downstream service order-service in 3766ms
2026-06-13T08:10:29Z [ERROR] cache-layer: Payment failed for order 719145: insufficient funds, provider=stripe, code=card_declined
2026-06-13T08:10:32Z [DEBUG] cache-layer: Executing SQL query: SELECT * FROM orders WHERE user_id = 70412 LIMIT 50
2026-06-13T08:10:34Z [INFO] user-service: Inventory count reconciled: 26 SKUs verified
2026-06-13T08:10:37Z [INFO] search-service: Database migration 234 applied successfully
2026-06-13T08:10:40Z [WARN] user-service: Upstream timeout from auth-service on token-refresh endpoint after 2352ms
2026-06-13T08:10:42Z [DEBUG] telemetry-agent: SQL query plan cache hit for hash ddfef849
2026-06-13T08:10:45Z [ERROR] notification-service: Incompatible schema version: consumer expects v170, producer sent v4886
2026-06-13T08:10:47Z [INFO] telemetry-agent: Order 598306 status updated to SHIPPED
2026-06-13T08:10:50Z [WARN] database-cluster: Upstream timeout from auth-service on token-refresh endpoint after 2599ms
2026-06-13T08:10:52Z [INFO] user-service: Email sent to user-30686: subject="Your order has shipped"
2026-06-13T08:10:55Z [ERROR] notification-service: Timeout connecting to inventory-service after 2145ms (attempt 361/3)
2026-06-13T08:10:58Z [INFO] search-service: Graceful shutdown initiated, draining 374 in-flight requests
2026-06-13T08:11:00Z [DEBUG] order-service: SQL query plan cache hit for hash 9ea1e617
2026-06-13T08:11:03Z [INFO] telemetry-agent: Email sent to user-51060: subject="Your order has shipped"
2026-06-13T08:11:05Z [DEBUG] metrics-collector: Tracing span 1fa7cddf started for POST /api/v1/checkout
2026-06-13T08:11:08Z [DEBUG] payment-service: Tracing span 52d36897 started for POST /api/v1/checkout
2026-06-13T08:11:11Z [WARN] inventory-service: Upstream timeout from auth-service on token-refresh endpoint after 2318ms
2026-06-13T08:11:13Z [WARN] database-cluster: Feature flag checkout_v2 has inconsistent rollout across regions
2026-06-13T08:11:16Z [INFO] user-service: Cache warmed: 466 entries loaded from database snapshot
2026-06-13T08:11:19Z [INFO] user-service: Notification queued: push notification to device-4032 for user-12132
2026-06-13T08:11:21Z [DEBUG] support-service: WebSocket frame received: type=ping, payload=157 bytes
2026-06-13T08:11:23Z [INFO] metrics-collector: Order 542372 status updated to SHIPPED
2026-06-13T08:11:26Z [WARN] database-cluster: Approaching rate limit: client-264 at 89% of hourly quota
2026-06-13T08:11:28Z [DEBUG] search-service: Config reloaded from remote: feature_flag.checkout_v2 = 3.4.12
2026-06-13T08:11:31Z [DEBUG] support-service: Acquired distributed lock on resource order-617708
2026-06-13T08:11:34Z [WARN] telemetry-agent: Memory usage at 74% of allocated limit on node-363
2026-06-13T08:11:36Z [DEBUG] log-aggregator: Cache lookup for key user:42154 returned 3.6.11 in 3881ms
2026-06-13T08:11:39Z [INFO] gateway-service: Notification queued: push notification to device-5986 for user-19120
2026-06-13T08:11:42Z [INFO] search-service: Inventory count reconciled: 359 SKUs verified
2026-06-13T08:11:44Z [INFO] log-aggregator: Notification queued: push notification to device-6553 for user-24475
2026-06-13T08:11:47Z [WARN] notification-service: Slow query detected: SELECT * FROM order_items took 1578ms (threshold 500ms)
2026-06-13T08:11:49Z [INFO] metrics-collector: Search index rebuilt: 75 documents indexed in 1335ms
2026-06-13T08:11:52Z [DEBUG] database-cluster: Token introspection cache miss for sub=49748, refreshing from auth-server
2026-06-13T08:11:55Z [WARN] inventory-service: Memory usage at 92% of allocated limit on node-391
2026-06-13T08:11:57Z [DEBUG] user-service: Collected metric batch: 492 datapoints queued for flush
2026-06-13T08:11:59Z [DEBUG] gateway-service: Evicted 48 stale entries from LRU cache (current size: 19595)
2026-06-13T08:12:02Z [DEBUG] cache-layer: Connection pool state: active=8 idle=1 waiting=0
2026-06-13T08:12:04Z [INFO] inventory-service: Cache warmed: 44 entries loaded from database snapshot
2026-06-13T08:12:07Z [INFO] auth-service: Background worker started: processing queue batch-155
2026-06-13T08:12:10Z [ERROR] inventory-service: Connection pool exhausted for database-cluster: all 463 connections in use, 16 waiting
2026-06-13T08:12:12Z [INFO] search-service: Metric snapshot exported: 390 series to monitoring backend
2026-06-13T08:12:15Z [DEBUG] payment-service: Signing JWT token with kid=rsa-key-4
2026-06-13T08:12:18Z [DEBUG] notification-service: Executing SQL query: SELECT * FROM orders WHERE user_id = 46429 LIMIT 50
2026-06-13T08:12:20Z [DEBUG] cache-layer: Connection pool state: active=27 idle=2 waiting=0
2026-06-13T08:12:22Z [WARN] auth-service: Cache miss rate elevated: 90% over last 5 minutes on cache-layer
2026-06-13T08:12:25Z [INFO] order-service: Email sent to user-11610: subject="Your order has shipped"
2026-06-13T08:12:28Z [WARN] inventory-service: Thread pool for order-service at 85% utilization, consider scaling
2026-06-13T08:12:30Z [INFO] cache-layer: Graceful shutdown initiated, draining 85 in-flight requests
2026-06-13T08:12:33Z [INFO] inventory-service: Cache warmed: 24 entries loaded from database snapshot
2026-06-13T08:12:35Z [DEBUG] rate-limiter: Outbound HTTP POST to payment-gateway/api/v2/charge status=200 latency=3554ms
2026-06-13T08:12:38Z [ERROR] support-service: Redis CLUSTERDOWN error: unable to route command GET user:20670:session
2026-06-13T08:12:40Z [DEBUG] notification-service: Rate limit bucket for IP 192.168.130.141 now at 457/3189 requests per window
2026-06-13T08:12:43Z [INFO] support-service: Scheduled cron job sync-inventory executed at 08:00:00
2026-06-13T08:12:46Z [INFO] telemetry-agent: TLS certificate renewed successfully, expires 2027-06-13
2026-06-13T08:12:49Z [WARN] metrics-collector: Pending async jobs exceeds threshold: 221 in queue, expected <100
2026-06-13T08:12:51Z [DEBUG] inventory-service: Validating payload size: 197 bytes (max 1048576)
2026-06-13T08:12:53Z [DEBUG] user-service: WebSocket frame received: type=ping, payload=7 bytes
2026-06-13T08:12:56Z [INFO] metrics-collector: User 36437 logged in successfully from IP 192.168.126.135
2026-06-13T08:12:59Z [WARN] payment-service: Stale data detected in user-service replica lag: 236s behind primary
2026-06-13T08:13:01Z [DEBUG] search-service: Evicted 39 stale entries from LRU cache (current size: 53831)
2026-06-13T08:13:04Z [DEBUG] gateway-service: Serialized event payload to Avro: schema_id=65, size=3499 bytes
2026-06-13T08:13:06Z [WARN] search-service: Circuit breaker half-open for inventory-service, testing single request
2026-06-13T08:13:09Z [DEBUG] cache-layer: Cache lookup for key user:61011 returned 3.1.6 in 3759ms
2026-06-13T08:13:11Z [INFO] cache-layer: Search index rebuilt: 313 documents indexed in 145ms
2026-06-13T08:13:14Z [DEBUG] auth-service: Parsed incoming webhook body: 70 fields, signature=sha256=bb9d92c0
2026-06-13T08:13:16Z [DEBUG] inventory-service: Collected metric batch: 305 datapoints queued for flush
2026-06-13T08:13:19Z [ERROR] support-service: Timeout connecting to inventory-service after 3095ms (attempt 87/3)
2026-06-13T08:13:22Z [INFO] user-service: Scheduled cron job sync-inventory executed at 08:00:00
2026-06-13T08:13:25Z [DEBUG] payment-service: Collected metric batch: 262 datapoints queued for flush
2026-06-13T08:13:27Z [WARN] gateway-service: Slow query detected: SELECT * FROM order_items took 3149ms (threshold 500ms)
2026-06-13T08:13:30Z [INFO] log-aggregator: Cache warmed: 193 entries loaded from database snapshot
2026-06-13T08:13:32Z [DEBUG] gateway-service: Measured p99 latency for search endpoint: 3975ms over last 60s
2026-06-13T08:13:35Z [INFO] cron-scheduler: Graceful shutdown initiated, draining 414 in-flight requests
2026-06-13T08:13:37Z [INFO] user-service: Rate limit reset for client-377: window cleared
2026-06-13T08:13:40Z [DEBUG] gateway-service: Outbound HTTP POST to payment-gateway/api/v2/charge status=200 latency=2297ms
2026-06-13T08:13:43Z [DEBUG] order-service: Resolved DNS for db-replica-176.internal to 10.0.30.49
2026-06-13T08:13:45Z [INFO] metrics-collector: Scheduled cron job sync-inventory executed at 08:00:00
2026-06-13T08:13:48Z [ERROR] notification-service: Payment failed for order 998397: insufficient funds, provider=stripe, code=card_declined
2026-06-13T08:13:50Z [DEBUG] inventory-service: WebSocket frame received: type=ping, payload=109 bytes
2026-06-13T08:13:53Z [DEBUG] cron-scheduler: Parsed incoming webhook body: 205 fields, signature=sha256=c7195dd0
2026-06-13T08:13:55Z [INFO] support-service: User 22393 logged in successfully from IP 192.168.152.147
2026-06-13T08:13:58Z [WARN] order-service: Connection pool for database-cluster nearing capacity: 4/4644 active
2026-06-13T08:14:00Z [ERROR] database-cluster: Upstream auth-service returned 500 on /oauth/token: response body empty
2026-06-13T08:14:03Z [INFO] telemetry-agent: Deployed version 3.3.2 to production cluster
2026-06-13T08:14:06Z [INFO] log-aggregator: Cleanup job finished: removed 187 expired sessions from Redis
2026-06-13T08:14:08Z [ERROR] cron-scheduler: Kafka producer error: topic=order-events, partition=284, reason=LeaderNotAvailable
2026-06-13T08:14:11Z [ERROR] notification-service: HTTP 503 from payment-service: service unavailable, retry-after=30s
2026-06-13T08:14:13Z [INFO] order-service: Deployed version 3.8.19 to production cluster
2026-06-13T08:14:16Z [ERROR] database-cluster: HTTP 503 from payment-service: service unavailable, retry-after=30s
2026-06-13T08:14:19Z [DEBUG] rate-limiter: Cache lookup for key user:23282 returned 3.7.0 in 4031ms
2026-06-13T08:14:21Z [INFO] inventory-service: Rate limit reset for client-454: window cleared
2026-06-13T08:14:24Z [ERROR] cron-scheduler: Authentication failed for user-24382: invalid refresh token, session revoked
2026-06-13T08:14:26Z [DEBUG] telemetry-agent: Parsed incoming webhook body: 103 fields, signature=sha256=a26d18f6
2026-06-13T08:14:29Z [INFO] notification-service: Service started on port 8080 in 3926ms
2026-06-13T08:14:31Z [INFO] cache-layer: Cache warmed: 351 entries loaded from database snapshot
2026-06-13T08:14:34Z [ERROR] user-service: Upstream auth-service returned 500 on /oauth/token: response body empty
2026-06-13T08:14:36Z [ERROR] auth-service: Redis CLUSTERDOWN error: unable to route command GET user:62100:session
2026-06-13T08:14:39Z [ERROR] database-cluster: Out of memory: process killed by OOM killer on node-116
2026-06-13T08:14:41Z [DEBUG] database-cluster: TLS handshake completed with downstream service order-service in 86ms
2026-06-13T08:14:44Z [ERROR] user-service: Data corruption detected in cache entry key=order:581705: expected SHA 5affe29ff19c, got c9d4d147a0bf
2026-06-13T08:14:46Z [INFO] gateway-service: Graceful shutdown initiated, draining 12 in-flight requests
2026-06-13T08:14:49Z [DEBUG] order-service: Cache lookup for key user:15836 returned 3.3.0 in 4462ms
2026-06-13T08:14:52Z [DEBUG] user-service: Executing SQL query: SELECT * FROM orders WHERE user_id = 89233 LIMIT 50
2026-06-13T08:14:54Z [INFO] support-service: Cleanup job finished: removed 493 expired sessions from Redis
2026-06-13T08:14:57Z [INFO] log-aggregator: Notification queued: push notification to device-1976 for user-85743
2026-06-13T08:15:00Z [ERROR] notification-service: Redis CLUSTERDOWN error: unable to route command GET user:39437:session
2026-06-13T08:15:02Z [DEBUG] inventory-service: Evicted 371 stale entries from LRU cache (current size: 14961)
2026-06-13T08:15:05Z [DEBUG] user-service: Evicted 207 stale entries from LRU cache (current size: 39594)
2026-06-13T08:15:07Z [DEBUG] order-service: Signing JWT token with kid=rsa-key-1
2026-06-13T08:15:10Z [INFO] rate-limiter: Order 202110 status updated to SHIPPED
2026-06-13T08:15:12Z [ERROR] cache-layer: Rate limiter malfunction: failed to decrement counter for client-186, bucket=global
2026-06-13T08:15:15Z [INFO] user-service: Cleanup job finished: removed 134 expired sessions from Redis
2026-06-13T08:15:17Z [ERROR] auth-service: Incompatible schema version: consumer expects v360, producer sent v4694
2026-06-13T08:15:20Z [INFO] cache-layer: Scheduled cron job sync-inventory executed at 08:00:00
2026-06-13T08:15:23Z [DEBUG] payment-service: Signing JWT token with kid=rsa-key-3
2026-06-13T08:15:25Z [INFO] cron-scheduler: Request req-765104 completed: POST /api/v1/users => 201 Created in 1627ms
2026-06-13T08:15:28Z [DEBUG] search-service: Collected metric batch: 398 datapoints queued for flush
2026-06-13T08:15:31Z [INFO] rate-limiter: Background worker started: processing queue batch-279
2026-06-13T08:15:33Z [ERROR] search-service: Database query failed: Deadlock found when trying to get lock on table order_items
2026-06-13T08:15:36Z [INFO] gateway-service: Request req-282155 completed: POST /api/v1/users => 201 Created in 3068ms
2026-06-13T08:15:38Z [INFO] order-service: Order 224122 status updated to SHIPPED
2026-06-13T08:15:40Z [ERROR] database-cluster: Redis CLUSTERDOWN error: unable to route command GET user:80178:session
2026-06-13T08:15:43Z [INFO] gateway-service: Database migration 109 applied successfully
2026-06-13T08:15:46Z [ERROR] search-service: Incompatible schema version: consumer expects v267, producer sent v4292
2026-06-13T08:15:48Z [WARN] log-aggregator: Telemetry export batch delayed: expected flush in 10s, actual 2049ms
2026-06-13T08:15:51Z [INFO] user-service: Metric snapshot exported: 131 series to monitoring backend
2026-06-13T08:15:53Z [DEBUG] cache-layer: Collected metric batch: 462 datapoints queued for flush
2026-06-13T08:15:56Z [DEBUG] order-service: Acquired distributed lock on resource order-279453
2026-06-13T08:15:59Z [DEBUG] rate-limiter: Rate limit bucket for IP 192.168.252.218 now at 254/485 requests per window
2026-06-13T08:16:01Z [INFO] gateway-service: Health check passed: all 58 dependencies healthy
2026-06-13T08:16:04Z [DEBUG] support-service: Parsed incoming webhook body: 366 fields, signature=sha256=f8c59ac6
2026-06-13T08:16:07Z [WARN] database-cluster: Deprecated API endpoint /api/v1/legacy/orders called 56 times today
2026-06-13T08:16:09Z [DEBUG] metrics-collector: Outbound HTTP POST to payment-gateway/api/v2/charge status=200 latency=3902ms
2026-06-13T08:16:11Z [DEBUG] payment-service: Serialized event payload to Avro: schema_id=267, size=46976 bytes
2026-06-13T08:16:14Z [DEBUG] telemetry-agent: Config reloaded from remote: feature_flag.checkout_v2 = 3.2.16
2026-06-13T08:16:17Z [INFO] gateway-service: Background worker started: processing queue batch-349
2026-06-13T08:16:19Z [WARN] telemetry-agent: Thread pool for order-service at 88% utilization, consider scaling
2026-06-13T08:16:22Z [WARN] search-service: Response size exceeded expected range: 451 bytes for GET /api/v1/catalog
2026-06-13T08:16:24Z [INFO] database-cluster: Graceful shutdown initiated, draining 157 in-flight requests
2026-06-13T08:16:27Z [INFO] inventory-service: Cleanup job finished: removed 223 expired sessions from Redis
2026-06-13T08:16:29Z [WARN] telemetry-agent: Memory usage at 81% of allocated limit on node-156
2026-06-13T08:16:32Z [ERROR] gateway-service: Webhook delivery failed to merchant-316: HTTP 400, response="invalid signature"
2026-06-13T08:16:34Z [INFO] database-cluster: WebSocket connection established with client-444
2026-06-13T08:16:37Z [INFO] metrics-collector: Deployed version 3.9.14 to production cluster
2026-06-13T08:16:40Z [DEBUG] order-service: Measured p99 latency for search endpoint: 2255ms over last 60s
2026-06-13T08:16:43Z [INFO] inventory-service: Metric snapshot exported: 83 series to monitoring backend
2026-06-13T08:16:45Z [DEBUG] telemetry-agent: Validating payload size: 301 bytes (max 1048576)
2026-06-13T08:16:47Z [INFO] gateway-service: Background worker started: processing queue batch-195
2026-06-13T08:16:50Z [ERROR] cache-layer: Kafka producer error: topic=order-events, partition=256, reason=LeaderNotAvailable
2026-06-13T08:16:53Z [DEBUG] rate-limiter: Signing JWT token with kid=rsa-key-1
2026-06-13T08:16:55Z [WARN] cache-layer: Approaching rate limit: client-414 at 81% of hourly quota
2026-06-13T08:16:57Z [DEBUG] search-service: SQL query plan cache hit for hash 2344ec54
2026-06-13T08:17:00Z [WARN] auth-service: Retry attempt 41/3 for payment-service /api/v1/charge: connection reset
2026-06-13T08:17:03Z [ERROR] metrics-collector: HTTP 503 from payment-service: service unavailable, retry-after=30s
2026-06-13T08:17:05Z [DEBUG] metrics-collector: WebSocket frame received: type=ping, payload=430 bytes
2026-06-13T08:17:08Z [INFO] rate-limiter: Request req-700417 completed: POST /api/v1/users => 201 Created in 2755ms
2026-06-13T08:17:11Z [DEBUG] cron-scheduler: WebSocket frame received: type=ping, payload=145 bytes
2026-06-13T08:17:13Z [WARN] search-service: Stale data detected in user-service replica lag: 143s behind primary
2026-06-13T08:17:16Z [WARN] auth-service: Disk usage on log volume at 74%, retention policy may need adjustment
2026-06-13T08:17:18Z [INFO] rate-limiter: Search index rebuilt: 84 documents indexed in 256ms
2026-06-13T08:17:21Z [DEBUG] auth-service: Serialized event payload to Avro: schema_id=268, size=42880 bytes
2026-06-13T08:17:24Z [INFO] log-aggregator: Service started on port 5000 in 1027ms
2026-06-13T08:17:26Z [DEBUG] order-service: Tracing span eb2ae08b started for POST /api/v1/checkout
2026-06-13T08:17:28Z [WARN] user-service: SSL certificate for *.internal expires in 381 days
2026-06-13T08:17:31Z [INFO] auth-service: WebSocket connection established with client-434
2026-06-13T08:17:34Z [WARN] notification-service: Disk usage on log volume at 86%, retention policy may need adjustment
2026-06-13T08:17:37Z [WARN] order-service: Deprecated API endpoint /api/v1/legacy/products called 46 times today
2026-06-13T08:17:39Z [WARN] cache-layer: Upstream timeout from auth-service on token-refresh endpoint after 292ms
2026-06-13T08:17:41Z [DEBUG] search-service: Outbound HTTP POST to payment-gateway/api/v2/charge status=200 latency=2156ms
2026-06-13T08:17:44Z [ERROR] database-cluster: Webhook delivery failed to merchant-341: HTTP 400, response="invalid signature"
2026-06-13T08:17:47Z [INFO] metrics-collector: Database migration 139 applied successfully
2026-06-13T08:17:49Z [WARN] user-service: Approaching rate limit: client-276 at 71% of hourly quota
2026-06-13T08:17:52Z [INFO] support-service: Health check passed: all 14 dependencies healthy
2026-06-13T08:17:55Z [ERROR] cache-layer: Webhook delivery failed to merchant-156: HTTP 400, response="invalid signature"
2026-06-13T08:17:57Z [WARN] metrics-collector: Circuit breaker half-open for inventory-service, testing single request
2026-06-13T08:18:00Z [DEBUG] support-service: Connection pool state: active=2 idle=1 waiting=0
2026-06-13T08:18:02Z [INFO] user-service: Deployed version 3.1.1 to production cluster
2026-06-13T08:18:05Z [ERROR] telemetry-agent: Process crash: segfault in native extension libsearch-3.9.11.so, signal=11
2026-06-13T08:18:07Z [ERROR] database-cluster: Redis CLUSTERDOWN error: unable to route command GET user:36118:session
2026-06-13T08:18:10Z [INFO] search-service: Cleanup job finished: removed 376 expired sessions from Redis
2026-06-13T08:18:12Z [DEBUG] user-service: Executing SQL query: SELECT * FROM orders WHERE user_id = 27953 LIMIT 50
2026-06-13T08:18:15Z [DEBUG] order-service: SQL query plan cache hit for hash 30e4541b
2026-06-13T08:18:18Z [INFO] gateway-service: Graceful shutdown initiated, draining 330 in-flight requests
2026-06-13T08:18:20Z [DEBUG] inventory-service: Signing JWT token with kid=rsa-key-1
2026-06-13T08:18:22Z [WARN] inventory-service: Disk usage on log volume at 93%, retention policy may need adjustment
2026-06-13T08:18:25Z [DEBUG] payment-service: Cache lookup for key user:38511 returned 3.3.4 in 3069ms
2026-06-13T08:18:28Z [INFO] user-service: Search index rebuilt: 180 documents indexed in 2979ms
2026-06-13T08:18:30Z [DEBUG] order-service: Evicted 245 stale entries from LRU cache (current size: 10729)
2026-06-13T08:18:33Z [WARN] metrics-collector: Feature flag checkout_v2 has inconsistent rollout across regions
2026-06-13T08:18:35Z [INFO] database-cluster: Graceful shutdown initiated, draining 68 in-flight requests
2026-06-13T08:18:38Z [INFO] rate-limiter: Request req-959613 completed: POST /api/v1/users => 201 Created in 2824ms
2026-06-13T08:18:41Z [INFO] rate-limiter: Search index rebuilt: 115 documents indexed in 221ms
2026-06-13T08:18:43Z [INFO] database-cluster: Cache warmed: 19 entries loaded from database snapshot
2026-06-13T08:18:46Z [WARN] database-cluster: Stale data detected in user-service replica lag: 311s behind primary
2026-06-13T08:18:49Z [INFO] auth-service: Graceful shutdown initiated, draining 219 in-flight requests
2026-06-13T08:18:51Z [INFO] log-aggregator: User 55270 logged in successfully from IP 192.168.39.84
2026-06-13T08:18:54Z [INFO] order-service: TLS certificate renewed successfully, expires 2027-06-13
2026-06-13T08:18:56Z [ERROR] cache-layer: Internal server error on POST /api/v1/checkout: NullPointerException at OrderService.java:802
2026-06-13T08:18:59Z [INFO] telemetry-agent: Deployed version 3.8.11 to production cluster
2026-06-13T08:19:01Z [DEBUG] support-service: Parsed incoming webhook body: 195 fields, signature=sha256=4a12c64f
2026-06-13T08:19:04Z [ERROR] cache-layer: Process crash: segfault in native extension libsearch-3.7.5.so, signal=11
2026-06-13T08:19:06Z [INFO] user-service: Graceful shutdown initiated, draining 486 in-flight requests
2026-06-13T08:19:09Z [INFO] notification-service: Graceful shutdown initiated, draining 500 in-flight requests
2026-06-13T08:19:12Z [INFO] gateway-service: Metric snapshot exported: 151 series to monitoring backend
2026-06-13T08:19:14Z [INFO] support-service: Service started on port 5000 in 2420ms
2026-06-13T08:19:17Z [INFO] database-cluster: Order 253643 status updated to SHIPPED
2026-06-13T08:19:19Z [INFO] rate-limiter: Deployed version 3.1.10 to production cluster
2026-06-13T08:19:22Z [WARN] rate-limiter: Approaching rate limit: client-489 at 78% of hourly quota
2026-06-13T08:19:25Z [DEBUG] database-cluster: Executing SQL query: SELECT * FROM orders WHERE user_id = 37227 LIMIT 50
2026-06-13T08:19:27Z [ERROR] metrics-collector: Redis CLUSTERDOWN error: unable to route command GET user:87193:session
2026-06-13T08:19:29Z [WARN] payment-service: Thread pool for order-service at 94% utilization, consider scaling
2026-06-13T08:19:32Z [INFO] inventory-service: Scheduled cron job sync-inventory executed at 08:00:00
2026-06-13T08:19:35Z [INFO] cron-scheduler: Database migration 30 applied successfully
2026-06-13T08:19:37Z [INFO] telemetry-agent: Email sent to user-19755: subject="Your order has shipped"
2026-06-13T08:19:40Z [DEBUG] log-aggregator: Validating payload size: 295 bytes (max 1048576)
2026-06-13T08:19:42Z [WARN] gateway-service: Memory usage at 94% of allocated limit on node-220
2026-06-13T08:19:45Z [DEBUG] metrics-collector: Serialized event payload to Avro: schema_id=394, size=623 bytes
2026-06-13T08:19:47Z [DEBUG] notification-service: Measured p99 latency for search endpoint: 2676ms over last 60s
2026-06-13T08:19:50Z [INFO] search-service: Cache warmed: 121 entries loaded from database snapshot
2026-06-13T08:19:52Z [DEBUG] order-service: Outbound HTTP POST to payment-gateway/api/v2/charge status=200 latency=4007ms
2026-06-13T08:19:55Z [ERROR] user-service: Kafka consumer group lag critical: topic=events, lag=375, threshold=10000
2026-06-13T08:19:58Z [ERROR] order-service: Kafka producer error: topic=order-events, partition=158, reason=LeaderNotAvailable
2026-06-13T08:20:00Z [INFO] log-aggregator: Inventory count reconciled: 161 SKUs verified
2026-06-13T08:20:03Z [INFO] notification-service: Service started on port 9090 in 2467ms
2026-06-13T08:20:06Z [DEBUG] cron-scheduler: WebSocket frame received: type=ping, payload=281 bytes
2026-06-13T08:20:08Z [DEBUG] database-cluster: Validating payload size: 225 bytes (max 1048576)
2026-06-13T08:20:10Z [DEBUG] payment-service: Serialized event payload to Avro: schema_id=278, size=38991 bytes
2026-06-13T08:20:13Z [INFO] inventory-service: Search index rebuilt: 202 documents indexed in 1987ms
2026-06-13T08:20:16Z [WARN] support-service: Circuit breaker half-open for inventory-service, testing single request
2026-06-13T08:20:18Z [DEBUG] rate-limiter: Parsed incoming webhook body: 217 fields, signature=sha256=8200b972
2026-06-13T08:20:21Z [DEBUG] support-service: SQL query plan cache hit for hash 184c4178
2026-06-13T08:20:24Z [INFO] log-aggregator: Request req-908251 completed: POST /api/v1/users => 201 Created in 1481ms
2026-06-13T08:20:26Z [WARN] rate-limiter: Connection pool for database-cluster nearing capacity: 172/2981 active
2026-06-13T08:20:29Z [INFO] order-service: TLS certificate renewed successfully, expires 2027-06-13
2026-06-13T08:20:31Z [ERROR] cache-layer: Database query failed: Deadlock found when trying to get lock on table order_items
2026-06-13T08:20:34Z [DEBUG] cron-scheduler: Measured p99 latency for search endpoint: 2143ms over last 60s
2026-06-13T08:20:36Z [INFO] notification-service: Metric snapshot exported: 237 series to monitoring backend
2026-06-13T08:20:39Z [WARN] inventory-service: Response size exceeded expected range: 160 bytes for GET /api/v1/catalog
2026-06-13T08:20:42Z [DEBUG] support-service: Acquired distributed lock on resource order-193434
2026-06-13T08:20:44Z [INFO] user-service: Scheduled cron job sync-inventory executed at 08:00:00
2026-06-13T08:20:46Z [INFO] payment-service: Inventory count reconciled: 448 SKUs verified
2026-06-13T08:20:49Z [DEBUG] search-service: Serialized event payload to Avro: schema_id=482, size=55350 bytes
2026-06-13T08:20:52Z [WARN] order-service: Telemetry export batch delayed: expected flush in 10s, actual 2626ms
2026-06-13T08:20:54Z [INFO] database-cluster: Search index rebuilt: 272 documents indexed in 452ms
2026-06-13T08:20:57Z [WARN] payment-service: Telemetry export batch delayed: expected flush in 10s, actual 367ms
2026-06-13T08:21:00Z [ERROR] notification-service: Unhandled exception in cron job sync-inventory: division by zero at InventorySync.java:656
2026-06-13T08:21:02Z [WARN] inventory-service: Circuit breaker half-open for inventory-service, testing single request
2026-06-13T08:21:04Z [ERROR] support-service: Data corruption detected in cache entry key=order:216818: expected SHA 166751634a91, got 0746919cf735
2026-06-13T08:21:07Z [ERROR] user-service: Database query failed: Deadlock found when trying to get lock on table order_items
2026-06-13T08:21:10Z [INFO] auth-service: Order 817557 status updated to SHIPPED
2026-06-13T08:21:12Z [ERROR] inventory-service: Rate limiter malfunction: failed to decrement counter for client-75, bucket=global
2026-06-13T08:21:15Z [INFO] metrics-collector: Metric snapshot exported: 174 series to monitoring backend
2026-06-13T08:21:17Z [DEBUG] cache-layer: SQL query plan cache hit for hash 2c1e86bb
2026-06-13T08:21:20Z [ERROR] auth-service: Internal server error on POST /api/v1/checkout: NullPointerException at OrderService.java:221
2026-06-13T08:21:23Z [DEBUG] inventory-service: Outbound HTTP POST to payment-gateway/api/v2/charge status=200 latency=4361ms
2026-06-13T08:21:25Z [INFO] payment-service: Metric snapshot exported: 455 series to monitoring backend
2026-06-13T08:21:28Z [DEBUG] telemetry-agent: Evicted 465 stale entries from LRU cache (current size: 1323)
2026-06-13T08:21:30Z [ERROR] cron-scheduler: Kafka consumer group lag critical: topic=events, lag=358, threshold=10000
2026-06-13T08:21:33Z [ERROR] order-service: Connection pool exhausted for database-cluster: all 126 connections in use, 45 waiting
2026-06-13T08:21:36Z [DEBUG] inventory-service: Collected metric batch: 369 datapoints queued for flush
2026-06-13T08:21:38Z [ERROR] search-service: Internal server error on POST /api/v1/checkout: NullPointerException at OrderService.java:741
2026-06-13T08:21:40Z [DEBUG] rate-limiter: Executing SQL query: SELECT * FROM orders WHERE user_id = 91244 LIMIT 50
2026-06-13T08:21:43Z [INFO] metrics-collector: Metric snapshot exported: 239 series to monitoring backend
2026-06-13T08:21:46Z [DEBUG] support-service: Rate limit bucket for IP 192.168.221.112 now at 118/1656 requests per window
2026-06-13T08:21:48Z [INFO] log-aggregator: Graceful shutdown initiated, draining 273 in-flight requests
2026-06-13T08:21:51Z [WARN] search-service: Memory usage at 84% of allocated limit on node-364
2026-06-13T08:21:54Z [INFO] auth-service: Search index rebuilt: 169 documents indexed in 26ms
2026-06-13T08:21:56Z [INFO] log-aggregator: Cleanup job finished: removed 230 expired sessions from Redis
2026-06-13T08:21:59Z [INFO] cache-layer: Deployed version 3.4.10 to production cluster
2026-06-13T08:22:01Z [INFO] user-service: Search index rebuilt: 270 documents indexed in 510ms
2026-06-13T08:22:04Z [ERROR] inventory-service: Process crash: segfault in native extension libsearch-3.6.17.so, signal=11
2026-06-13T08:22:06Z [ERROR] database-cluster: Out of memory: process killed by OOM killer on node-200
2026-06-13T08:22:09Z [ERROR] search-service: File system read-only on /var/log: errno=EROFS, logging to fallback path
2026-06-13T08:22:12Z [DEBUG] support-service: Config reloaded from remote: feature_flag.checkout_v2 = 3.0.19
2026-06-13T08:22:14Z [INFO] gateway-service: Cache warmed: 74 entries loaded from database snapshot
2026-06-13T08:22:17Z [DEBUG] user-service: Rate limit bucket for IP 192.168.211.45 now at 21/4174 requests per window
2026-06-13T08:22:19Z [ERROR] auth-service: File system read-only on /var/log: errno=EROFS, logging to fallback path
2026-06-13T08:22:22Z [INFO] rate-limiter: Cache warmed: 347 entries loaded from database snapshot
2026-06-13T08:22:24Z [INFO] order-service: Notification queued: push notification to device-4589 for user-81302
2026-06-13T08:22:27Z [WARN] search-service: Retry attempt 255/3 for payment-service /api/v1/charge: connection reset
2026-06-13T08:22:29Z [ERROR] log-aggregator: Unhandled exception in cron job sync-inventory: division by zero at InventorySync.java:759
2026-06-13T08:22:32Z [WARN] log-aggregator: Unrecognized field "x_unknown" in incoming payload, ignoring
2026-06-13T08:22:35Z [DEBUG] inventory-service: Measured p99 latency for search endpoint: 232ms over last 60s
2026-06-13T08:22:37Z [WARN] search-service: Thread pool for order-service at 85% utilization, consider scaling
2026-06-13T08:22:39Z [INFO] rate-limiter: Inventory count reconciled: 19 SKUs verified
2026-06-13T08:22:42Z [DEBUG] user-service: Outbound HTTP POST to payment-gateway/api/v2/charge status=200 latency=950ms
2026-06-13T08:22:45Z [DEBUG] payment-service: Rate limit bucket for IP 192.168.74.221 now at 441/680 requests per window
2026-06-13T08:22:48Z [DEBUG] rate-limiter: Rate limit bucket for IP 192.168.208.166 now at 385/1143 requests per window
2026-06-13T08:22:50Z [WARN] cache-layer: Cache miss rate elevated: 86% over last 5 minutes on cache-layer
2026-06-13T08:22:53Z [INFO] rate-limiter: Cache warmed: 267 entries loaded from database snapshot
2026-06-13T08:22:55Z [DEBUG] support-service: Token introspection cache miss for sub=42195, refreshing from auth-server
2026-06-13T08:22:58Z [INFO] support-service: Graceful shutdown initiated, draining 200 in-flight requests
2026-06-13T08:23:01Z [WARN] database-cluster: Stale data detected in user-service replica lag: 318s behind primary
2026-06-13T08:23:03Z [DEBUG] notification-service: Tracing span abd13f1a started for POST /api/v1/checkout
2026-06-13T08:23:06Z [WARN] gateway-service: Database connection wait time elevated: 4027ms avg over last minute
2026-06-13T08:23:08Z [DEBUG] database-cluster: Parsed incoming webhook body: 493 fields, signature=sha256=0599e1f2
2026-06-13T08:23:11Z [ERROR] telemetry-agent: Data corruption detected in cache entry key=order:276728: expected SHA 7508c2bde805, got 5148ea7523fa
2026-06-13T08:23:13Z [ERROR] telemetry-agent: Kafka producer error: topic=order-events, partition=87, reason=LeaderNotAvailable
2026-06-13T08:23:16Z [WARN] rate-limiter: Connection pool for database-cluster nearing capacity: 127/171 active
2026-06-13T08:23:18Z [DEBUG] notification-service: Outbound HTTP POST to payment-gateway/api/v2/charge status=200 latency=347ms
2026-06-13T08:23:21Z [DEBUG] log-aggregator: Rate limit bucket for IP 192.168.110.112 now at 14/2676 requests per window
2026-06-13T08:23:24Z [INFO] log-aggregator: Health check passed: all 153 dependencies healthy
2026-06-13T08:23:26Z [DEBUG] search-service: Evicted 208 stale entries from LRU cache (current size: 49146)
2026-06-13T08:23:29Z [ERROR] inventory-service: Kafka consumer group lag critical: topic=events, lag=376, threshold=10000
2026-06-13T08:23:31Z [ERROR] gateway-service: Timeout connecting to inventory-service after 2176ms (attempt 374/3)
2026-06-13T08:23:34Z [DEBUG] notification-service: Parsed incoming webhook body: 141 fields, signature=sha256=41f4d834
2026-06-13T08:23:37Z [INFO] cache-layer: Cache warmed: 321 entries loaded from database snapshot
2026-06-13T08:23:39Z [WARN] database-cluster: Circuit breaker half-open for inventory-service, testing single request
2026-06-13T08:23:41Z [WARN] rate-limiter: Unrecognized field "x_unknown" in incoming payload, ignoring
2026-06-13T08:23:44Z [DEBUG] telemetry-agent: Outbound HTTP POST to payment-gateway/api/v2/charge status=200 latency=4218ms
2026-06-13T08:23:46Z [DEBUG] user-service: Executing SQL query: SELECT * FROM orders WHERE user_id = 87028 LIMIT 50
2026-06-13T08:23:49Z [DEBUG] user-service: Executing SQL query: SELECT * FROM orders WHERE user_id = 14112 LIMIT 50
2026-06-13T08:23:52Z [DEBUG] search-service: Outbound HTTP POST to payment-gateway/api/v2/charge status=200 latency=76ms
2026-06-13T08:23:55Z [INFO] database-cluster: Inventory count reconciled: 172 SKUs verified
2026-06-13T08:23:57Z [ERROR] telemetry-agent: Upstream auth-service returned 500 on /oauth/token: response body empty
2026-06-13T08:23:59Z [INFO] notification-service: Search index rebuilt: 478 documents indexed in 1064ms
2026-06-13T08:24:02Z [DEBUG] metrics-collector: TLS handshake completed with downstream service order-service in 4380ms
2026-06-13T08:24:04Z [ERROR] rate-limiter: Connection pool exhausted for database-cluster: all 407 connections in use, 17 waiting
2026-06-13T08:24:07Z [INFO] rate-limiter: Scheduled cron job sync-inventory executed at 08:00:00
2026-06-13T08:24:10Z [ERROR] auth-service: HTTP 503 from payment-service: service unavailable, retry-after=30s
2026-06-13T08:24:13Z [INFO] order-service: Rate limit reset for client-395: window cleared
2026-06-13T08:24:15Z [DEBUG] log-aggregator: Signing JWT token with kid=rsa-key-1
2026-06-13T08:24:18Z [DEBUG] search-service: Validating payload size: 124 bytes (max 1048576)
2026-06-13T08:24:20Z [DEBUG] order-service: Tracing span abc836cf started for POST /api/v1/checkout
2026-06-13T08:24:23Z [WARN] gateway-service: Stale data detected in user-service replica lag: 230s behind primary
2026-06-13T08:24:25Z [INFO] auth-service: Health check passed: all 106 dependencies healthy
2026-06-13T08:24:28Z [DEBUG] support-service: Parsed incoming webhook body: 401 fields, signature=sha256=250a8bc0
2026-06-13T08:24:31Z [ERROR] payment-service: Data corruption detected in cache entry key=order:103534: expected SHA 37882ff79a57, got 9cd8bb8cea35
2026-06-13T08:24:33Z [INFO] cron-scheduler: Search index rebuilt: 168 documents indexed in 2007ms
2026-06-13T08:24:35Z [ERROR] metrics-collector: Authentication failed for user-38931: invalid refresh token, session revoked
2026-06-13T08:24:38Z [INFO] search-service: Database migration 259 applied successfully
2026-06-13T08:24:41Z [DEBUG] search-service: Collected metric batch: 33 datapoints queued for flush
2026-06-13T08:24:43Z [WARN] search-service: Degraded response from search-service: fallback to cached results
2026-06-13T08:24:46Z [DEBUG] order-service: Validating payload size: 488 bytes (max 1048576)
2026-06-13T08:24:48Z [DEBUG] payment-service: Executing SQL query: SELECT * FROM orders WHERE user_id = 66062 LIMIT 50
2026-06-13T08:24:51Z [DEBUG] user-service: Signing JWT token with kid=rsa-key-1
2026-06-13T08:24:53Z [ERROR] user-service: Authentication failed for user-33032: invalid refresh token, session revoked
2026-06-13T08:24:56Z [DEBUG] inventory-service: Connection pool state: active=12 idle=9 waiting=0
2026-06-13T08:24:59Z [ERROR] payment-service: Authentication failed for user-18456: invalid refresh token, session revoked
2026-06-13T08:25:01Z [DEBUG] telemetry-agent: Parsed incoming webhook body: 74 fields, signature=sha256=bb0570e4
2026-06-13T08:25:04Z [INFO] telemetry-agent: Cleanup job finished: removed 151 expired sessions from Redis
2026-06-13T08:25:07Z [INFO] gateway-service: Service started on port 3000 in 1978ms
2026-06-13T08:25:09Z [INFO] order-service: Deployed version 3.7.3 to production cluster
2026-06-13T08:25:12Z [WARN] user-service: Feature flag checkout_v2 has inconsistent rollout across regions
2026-06-13T08:25:14Z [DEBUG] cron-scheduler: TLS handshake completed with downstream service order-service in 4075ms
2026-06-13T08:25:17Z [INFO] notification-service: Service started on port 5000 in 3911ms
2026-06-13T08:25:19Z [INFO] auth-service: Rate limit reset for client-123: window cleared
2026-06-13T08:25:22Z [INFO] user-service: Scheduled cron job sync-inventory executed at 08:00:00
2026-06-13T08:25:25Z [DEBUG] metrics-collector: Collected metric batch: 246 datapoints queued for flush
2026-06-13T08:25:27Z [DEBUG] payment-service: Cache lookup for key user:69389 returned 3.9.18 in 1357ms
2026-06-13T08:25:30Z [DEBUG] cache-layer: Measured p99 latency for search endpoint: 175ms over last 60s
2026-06-13T08:25:32Z [INFO] order-service: Metric snapshot exported: 91 series to monitoring backend
2026-06-13T08:25:35Z [WARN] inventory-service: Stale data detected in user-service replica lag: 403s behind primary
2026-06-13T08:25:37Z [DEBUG] auth-service: Cache lookup for key user:31527 returned 3.6.12 in 1833ms
2026-06-13T08:25:40Z [DEBUG] telemetry-agent: Signing JWT token with kid=rsa-key-3
2026-06-13T08:25:42Z [DEBUG] metrics-collector: Validating payload size: 345 bytes (max 1048576)
2026-06-13T08:25:45Z [ERROR] search-service: Redis CLUSTERDOWN error: unable to route command GET user:69489:session
2026-06-13T08:25:47Z [INFO] cache-layer: Order 619829 status updated to SHIPPED
2026-06-13T08:25:50Z [DEBUG] telemetry-agent: Acquired distributed lock on resource order-593248
2026-06-13T08:25:53Z [DEBUG] notification-service: Acquired distributed lock on resource order-285825
2026-06-13T08:25:55Z [INFO] payment-service: Background worker started: processing queue batch-169
2026-06-13T08:25:58Z [INFO] metrics-collector: Graceful shutdown initiated, draining 397 in-flight requests
2026-06-13T08:26:00Z [DEBUG] database-cluster: Validating payload size: 435 bytes (max 1048576)
2026-06-13T08:26:03Z [ERROR] metrics-collector: Out of memory: process killed by OOM killer on node-495
2026-06-13T08:26:05Z [INFO] cron-scheduler: Background worker started: processing queue batch-190
2026-06-13T08:26:08Z [INFO] search-service: Order 966614 status updated to SHIPPED
2026-06-13T08:26:10Z [ERROR] notification-service: Database query failed: Deadlock found when trying to get lock on table order_items
2026-06-13T08:26:13Z [ERROR] user-service: Internal server error on POST /api/v1/checkout: NullPointerException at OrderService.java:377
2026-06-13T08:26:16Z [INFO] search-service: Database migration 51 applied successfully
2026-06-13T08:26:18Z [INFO] inventory-service: Search index rebuilt: 68 documents indexed in 2958ms
2026-06-13T08:26:21Z [WARN] cache-layer: Disk usage on log volume at 98%, retention policy may need adjustment
2026-06-13T08:26:23Z [DEBUG] notification-service: Signing JWT token with kid=rsa-key-3
2026-06-13T08:26:26Z [WARN] inventory-service: Thread pool for order-service at 96% utilization, consider scaling
2026-06-13T08:26:28Z [WARN] gateway-service: Cache miss rate elevated: 95% over last 5 minutes on cache-layer
2026-06-13T08:26:31Z [WARN] rate-limiter: Database connection wait time elevated: 3964ms avg over last minute
2026-06-13T08:26:34Z [WARN] search-service: Unrecognized field "debug_flag" in incoming payload, ignoring
2026-06-13T08:26:37Z [DEBUG] order-service: Config reloaded from remote: feature_flag.checkout_v2 = 3.0.18
2026-06-13T08:26:39Z [INFO] metrics-collector: Notification queued: push notification to device-6968 for user-75234
2026-06-13T08:26:41Z [INFO] metrics-collector: Notification queued: push notification to device-1284 for user-75989
2026-06-13T08:26:44Z [INFO] rate-limiter: Background worker started: processing queue batch-13
2026-06-13T08:26:46Z [ERROR] inventory-service: Kafka consumer group lag critical: topic=events, lag=376, threshold=10000
2026-06-13T08:26:49Z [INFO] cache-layer: Notification queued: push notification to device-3885 for user-67361
2026-06-13T08:26:52Z [ERROR] gateway-service: File system read-only on /var/log: errno=EROFS, logging to fallback path
2026-06-13T08:26:55Z [DEBUG] metrics-collector: Acquired distributed lock on resource order-388842
2026-06-13T08:26:57Z [INFO] auth-service: Background worker started: processing queue batch-228
2026-06-13T08:26:59Z [ERROR] support-service: File system read-only on /var/log: errno=EROFS, logging to fallback path
2026-06-13T08:27:02Z [WARN] order-service: Approaching rate limit: client-285 at 73% of hourly quota
2026-06-13T08:27:05Z [WARN] metrics-collector: Degraded response from search-service: fallback to cached results
2026-06-13T08:27:07Z [INFO] rate-limiter: Metric snapshot exported: 307 series to monitoring backend
2026-06-13T08:27:09Z [DEBUG] telemetry-agent: Rate limit bucket for IP 192.168.34.204 now at 161/2806 requests per window
2026-06-13T08:27:12Z [INFO] cache-layer: Service started on port 9090 in 539ms
2026-06-13T08:27:15Z [INFO] notification-service: Service started on port 9090 in 2641ms
2026-06-13T08:27:17Z [DEBUG] payment-service: Cache lookup for key user:92683 returned 3.9.18 in 2126ms
2026-06-13T08:27:20Z [ERROR] telemetry-agent: HTTP 503 from payment-service: service unavailable, retry-after=30s
2026-06-13T08:27:23Z [DEBUG] search-service: Rate limit bucket for IP 192.168.80.131 now at 306/3403 requests per window
2026-06-13T08:27:25Z [DEBUG] log-aggregator: Acquired distributed lock on resource order-547898
2026-06-13T08:27:28Z [WARN] database-cluster: Feature flag checkout_v2 has inconsistent rollout across regions
2026-06-13T08:27:31Z [INFO] inventory-service: Request req-324869 completed: POST /api/v1/users => 201 Created in 1819ms
2026-06-13T08:27:33Z [WARN] notification-service: SSL certificate for *.internal expires in 422 days
2026-06-13T08:27:36Z [INFO] telemetry-agent: Cache warmed: 65 entries loaded from database snapshot
2026-06-13T08:27:38Z [INFO] gateway-service: Deployed version 3.1.7 to production cluster
2026-06-13T08:27:41Z [INFO] metrics-collector: Cache warmed: 354 entries loaded from database snapshot
2026-06-13T08:27:43Z [INFO] log-aggregator: Health check passed: all 387 dependencies healthy
2026-06-13T08:27:46Z [DEBUG] telemetry-agent: Outbound HTTP POST to payment-gateway/api/v2/charge status=200 latency=3083ms
2026-06-13T08:27:49Z [INFO] database-cluster: Scheduled cron job sync-inventory executed at 08:00:00
2026-06-13T08:27:51Z [ERROR] log-aggregator: Kafka producer error: topic=order-events, partition=79, reason=LeaderNotAvailable
2026-06-13T08:27:54Z [INFO] cron-scheduler: Health check passed: all 9 dependencies healthy
2026-06-13T08:27:56Z [INFO] inventory-service: Email sent to user-31577: subject="Your order has shipped"
2026-06-13T08:27:59Z [ERROR] rate-limiter: Out of memory: process killed by OOM killer on node-132
2026-06-13T08:28:01Z [ERROR] cron-scheduler: Redis CLUSTERDOWN error: unable to route command GET user:41836:session
2026-06-13T08:28:04Z [WARN] notification-service: Pending async jobs exceeds threshold: 138 in queue, expected <100
2026-06-13T08:28:07Z [ERROR] telemetry-agent: Out of memory: process killed by OOM killer on node-109
2026-06-13T08:28:09Z [ERROR] inventory-service: Incompatible schema version: consumer expects v248, producer sent v4841
2026-06-13T08:28:12Z [INFO] payment-service: Notification queued: push notification to device-3748 for user-40862
2026-06-13T08:28:14Z [INFO] cron-scheduler: Metric snapshot exported: 25 series to monitoring backend
2026-06-13T08:28:17Z [INFO] auth-service: Search index rebuilt: 101 documents indexed in 1133ms
2026-06-13T08:28:19Z [ERROR] auth-service: Webhook delivery failed to merchant-218: HTTP 400, response="invalid signature"
2026-06-13T08:28:22Z [INFO] auth-service: Notification queued: push notification to device-8741 for user-90632
2026-06-13T08:28:24Z [INFO] user-service: WebSocket connection established with client-356
2026-06-13T08:28:27Z [INFO] user-service: Order 411215 status updated to SHIPPED
2026-06-13T08:28:29Z [DEBUG] rate-limiter: Resolved DNS for db-replica-165.internal to 10.0.25.130
2026-06-13T08:28:32Z [DEBUG] support-service: Outbound HTTP POST to payment-gateway/api/v2/charge status=200 latency=2688ms
2026-06-13T08:28:35Z [INFO] auth-service: Cleanup job finished: removed 2 expired sessions from Redis
2026-06-13T08:28:37Z [INFO] gateway-service: Search index rebuilt: 451 documents indexed in 710ms
2026-06-13T08:28:40Z [WARN] inventory-service: Thread pool for order-service at 84% utilization, consider scaling
2026-06-13T08:28:42Z [ERROR] log-aggregator: Process crash: segfault in native extension libsearch-3.9.17.so, signal=11
2026-06-13T08:28:45Z [INFO] metrics-collector: Graceful shutdown initiated, draining 188 in-flight requests
2026-06-13T08:28:48Z [DEBUG] gateway-service: Validating payload size: 362 bytes (max 1048576)
2026-06-13T08:28:50Z [DEBUG] search-service: Outbound HTTP POST to payment-gateway/api/v2/charge status=200 latency=2127ms
2026-06-13T08:28:53Z [ERROR] user-service: Payment failed for order 511744: insufficient funds, provider=stripe, code=card_declined
2026-06-13T08:28:55Z [ERROR] cache-layer: Incompatible schema version: consumer expects v185, producer sent v2935
2026-06-13T08:28:58Z [INFO] metrics-collector: Search index rebuilt: 247 documents indexed in 1980ms
2026-06-13T08:29:00Z [DEBUG] payment-service: Token introspection cache miss for sub=11448, refreshing from auth-server
2026-06-13T08:29:03Z [INFO] log-aggregator: Health check passed: all 328 dependencies healthy
2026-06-13T08:29:06Z [ERROR] metrics-collector: SSL certificate verification failed for upstream notification-service: cert expired
2026-06-13T08:29:08Z [ERROR] order-service: Timeout connecting to inventory-service after 1328ms (attempt 117/3)
2026-06-13T08:29:10Z [INFO] cache-layer: WebSocket connection established with client-87
2026-06-13T08:29:13Z [INFO] inventory-service: Background worker started: processing queue batch-29
2026-06-13T08:29:16Z [DEBUG] rate-limiter: Measured p99 latency for search endpoint: 1608ms over last 60s
2026-06-13T08:29:18Z [INFO] auth-service: Database migration 3 applied successfully
2026-06-13T08:29:21Z [DEBUG] database-cluster: Rate limit bucket for IP 192.168.134.64 now at 300/4449 requests per window
2026-06-13T08:29:24Z [ERROR] log-aggregator: Kafka consumer group lag critical: topic=events, lag=198, threshold=10000
2026-06-13T08:29:26Z [DEBUG] notification-service: Measured p99 latency for search endpoint: 70ms over last 60s
2026-06-13T08:29:29Z [DEBUG] auth-service: SQL query plan cache hit for hash 61592130
2026-06-13T08:29:31Z [DEBUG] telemetry-agent: Collected metric batch: 41 datapoints queued for flush
2026-06-13T08:29:34Z [ERROR] cache-layer: Redis CLUSTERDOWN error: unable to route command GET user:57250:session
2026-06-13T08:29:36Z [ERROR] database-cluster: Process crash: segfault in native extension libsearch-3.6.12.so, signal=11
2026-06-13T08:29:39Z [WARN] auth-service: Disk usage on log volume at 86%, retention policy may need adjustment
2026-06-13T08:29:41Z [WARN] metrics-collector: Degraded response from search-service: fallback to cached results
2026-06-13T08:29:44Z [INFO] inventory-service: Service started on port 3000 in 3711ms
2026-06-13T08:29:46Z [DEBUG] database-cluster: Outbound HTTP POST to payment-gateway/api/v2/charge status=200 latency=1597ms
2026-06-13T08:29:49Z [DEBUG] payment-service: Measured p99 latency for search endpoint: 3971ms over last 60s
2026-06-13T08:29:52Z [DEBUG] notification-service: Tracing span 82ee6e08 started for POST /api/v1/checkout
2026-06-13T08:29:54Z [WARN] notification-service: Database connection wait time elevated: 1499ms avg over last minute
2026-06-13T08:29:57Z [DEBUG] database-cluster: Connection pool state: active=6 idle=0 waiting=0
2026-06-13T08:29:59Z [INFO] support-service: User 23702 logged in successfully from IP 192.168.156.198
2026-06-13T08:30:02Z [WARN] rate-limiter: Response size exceeded expected range: 406 bytes for GET /api/v1/catalog
2026-06-13T08:30:04Z [WARN] search-service: Unrecognized field "trace_id_extra" in incoming payload, ignoring
2026-06-13T08:30:07Z [ERROR] notification-service: Webhook delivery failed to merchant-274: HTTP 400, response="invalid signature"
2026-06-13T08:30:10Z [INFO] support-service: Inventory count reconciled: 432 SKUs verified
2026-06-13T08:30:12Z [DEBUG] gateway-service: Token introspection cache miss for sub=73738, refreshing from auth-server
2026-06-13T08:30:15Z [INFO] user-service: Database migration 220 applied successfully
2026-06-13T08:30:17Z [DEBUG] rate-limiter: Validating payload size: 116 bytes (max 1048576)
2026-06-13T08:30:20Z [ERROR] cache-layer: Incompatible schema version: consumer expects v213, producer sent v3660
2026-06-13T08:30:23Z [INFO] payment-service: Order 150063 status updated to SHIPPED
2026-06-13T08:30:25Z [INFO] database-cluster: Notification queued: push notification to device-2050 for user-55579
2026-06-13T08:30:28Z [WARN] search-service: Deprecated API endpoint /api/v1/legacy/products called 272 times today
2026-06-13T08:30:30Z [DEBUG] rate-limiter: Executing SQL query: SELECT * FROM orders WHERE user_id = 36830 LIMIT 50
2026-06-13T08:30:33Z [INFO] cron-scheduler: Inventory count reconciled: 365 SKUs verified
2026-06-13T08:30:36Z [WARN] rate-limiter: Approaching rate limit: client-218 at 73% of hourly quota
2026-06-13T08:30:38Z [DEBUG] telemetry-agent: Tracing span db1c71cb started for POST /api/v1/checkout
2026-06-13T08:30:41Z [INFO] telemetry-agent: Search index rebuilt: 112 documents indexed in 238ms
2026-06-13T08:30:43Z [INFO] order-service: Search index rebuilt: 166 documents indexed in 4057ms
2026-06-13T08:30:46Z [INFO] cron-scheduler: Inventory count reconciled: 470 SKUs verified
2026-06-13T08:30:48Z [INFO] log-aggregator: Graceful shutdown initiated, draining 234 in-flight requests
2026-06-13T08:30:51Z [ERROR] telemetry-agent: Database query failed: Deadlock found when trying to get lock on table order_items
2026-06-13T08:30:53Z [WARN] support-service: Telemetry export batch delayed: expected flush in 10s, actual 2709ms
2026-06-13T08:30:56Z [INFO] cache-layer: Database migration 233 applied successfully
2026-06-13T08:30:59Z [DEBUG] database-cluster: Acquired distributed lock on resource order-438249
2026-06-13T08:31:01Z [INFO] gateway-service: Inventory count reconciled: 106 SKUs verified
2026-06-13T08:31:04Z [INFO] log-aggregator: Inventory count reconciled: 207 SKUs verified
2026-06-13T08:31:06Z [WARN] cron-scheduler: Response size exceeded expected range: 398 bytes for GET /api/v1/catalog
2026-06-13T08:31:09Z [ERROR] database-cluster: Data corruption detected in cache entry key=order:695960: expected SHA 0a308caf7d2a, got 704d0e98686d
2026-06-13T08:31:11Z [ERROR] payment-service: Upstream auth-service returned 500 on /oauth/token: response body empty
2026-06-13T08:31:14Z [DEBUG] metrics-collector: Rate limit bucket for IP 192.168.116.46 now at 85/3846 requests per window
2026-06-13T08:31:16Z [INFO] notification-service: Database migration 2 applied successfully
2026-06-13T08:31:19Z [ERROR] support-service: Kafka consumer group lag critical: topic=events, lag=218, threshold=10000
2026-06-13T08:31:22Z [INFO] notification-service: Inventory count reconciled: 93 SKUs verified
2026-06-13T08:31:24Z [DEBUG] telemetry-agent: Tracing span 79a55d6f started for POST /api/v1/checkout
2026-06-13T08:31:27Z [INFO] support-service: User 83288 logged in successfully from IP 192.168.99.206
2026-06-13T08:31:29Z [INFO] gateway-service: User 48012 logged in successfully from IP 192.168.201.225
2026-06-13T08:31:32Z [INFO] telemetry-agent: Rate limit reset for client-2: window cleared
2026-06-13T08:31:34Z [INFO] cron-scheduler: Deployed version 3.1.17 to production cluster
2026-06-13T08:31:37Z [INFO] auth-service: Request req-140495 completed: POST /api/v1/users => 201 Created in 1672ms
2026-06-13T08:31:40Z [DEBUG] cache-layer: Token introspection cache miss for sub=90121, refreshing from auth-server
2026-06-13T08:31:42Z [INFO] notification-service: Graceful shutdown initiated, draining 51 in-flight requests
2026-06-13T08:31:45Z [DEBUG] support-service: Parsed incoming webhook body: 255 fields, signature=sha256=acd3cc0b
2026-06-13T08:31:48Z [INFO] rate-limiter: Graceful shutdown initiated, draining 30 in-flight requests
2026-06-13T08:31:50Z [ERROR] database-cluster: Internal server error on POST /api/v1/checkout: NullPointerException at OrderService.java:584
2026-06-13T08:31:53Z [DEBUG] search-service: Parsed incoming webhook body: 220 fields, signature=sha256=2c910cd0
2026-06-13T08:31:55Z [INFO] cache-layer: TLS certificate renewed successfully, expires 2027-06-13
2026-06-13T08:31:58Z [DEBUG] telemetry-agent: Rate limit bucket for IP 192.168.14.177 now at 136/2897 requests per window
2026-06-13T08:32:00Z [DEBUG] database-cluster: Serialized event payload to Avro: schema_id=300, size=55489 bytes
2026-06-13T08:32:03Z [WARN] database-cluster: Telemetry export batch delayed: expected flush in 10s, actual 3702ms
2026-06-13T08:32:06Z [DEBUG] cache-layer: Tracing span d2316495 started for POST /api/v1/checkout
2026-06-13T08:32:08Z [WARN] cache-layer: Telemetry export batch delayed: expected flush in 10s, actual 170ms
2026-06-13T08:32:10Z [INFO] auth-service: Notification queued: push notification to device-4384 for user-53003
2026-06-13T08:32:13Z [INFO] metrics-collector: Cleanup job finished: removed 262 expired sessions from Redis
2026-06-13T08:32:16Z [WARN] notification-service: Unrecognized field "trace_id_extra" in incoming payload, ignoring
2026-06-13T08:32:18Z [INFO] cron-scheduler: User 43610 logged in successfully from IP 192.168.236.246
2026-06-13T08:32:21Z [DEBUG] telemetry-agent: Validating payload size: 218 bytes (max 1048576)
2026-06-13T08:32:23Z [WARN] gateway-service: Unrecognized field "trace_id_extra" in incoming payload, ignoring
2026-06-13T08:32:26Z [ERROR] order-service: Internal server error on POST /api/v1/checkout: NullPointerException at OrderService.java:299
2026-06-13T08:32:29Z [INFO] order-service: Rate limit reset for client-498: window cleared
2026-06-13T08:32:31Z [DEBUG] telemetry-agent: Signing JWT token with kid=rsa-key-1
2026-06-13T08:32:34Z [WARN] support-service: Memory usage at 96% of allocated limit on node-106
2026-06-13T08:32:36Z [INFO] order-service: Deployed version 3.2.1 to production cluster
2026-06-13T08:32:39Z [INFO] gateway-service: Health check passed: all 71 dependencies healthy
2026-06-13T08:32:41Z [DEBUG] cron-scheduler: Config reloaded from remote: feature_flag.checkout_v2 = 3.1.15
2026-06-13T08:32:44Z [DEBUG] cron-scheduler: Cache lookup for key user:28883 returned 3.0.18 in 1484ms
2026-06-13T08:32:47Z [DEBUG] inventory-service: Config reloaded from remote: feature_flag.checkout_v2 = 3.5.11
2026-06-13T08:32:49Z [INFO] cron-scheduler: Cache warmed: 455 entries loaded from database snapshot
2026-06-13T08:32:52Z [INFO] user-service: WebSocket connection established with client-253
2026-06-13T08:32:54Z [ERROR] log-aggregator: SSL certificate verification failed for upstream notification-service: cert expired
2026-06-13T08:32:57Z [ERROR] metrics-collector: Database query failed: Deadlock found when trying to get lock on table order_items
2026-06-13T08:33:00Z [INFO] user-service: Inventory count reconciled: 200 SKUs verified
2026-06-13T08:33:02Z [INFO] inventory-service: WebSocket connection established with client-98
2026-06-13T08:33:05Z [DEBUG] auth-service: Acquired distributed lock on resource order-677279
2026-06-13T08:33:07Z [INFO] inventory-service: Metric snapshot exported: 328 series to monitoring backend
2026-06-13T08:33:10Z [WARN] cache-layer: SSL certificate for *.internal expires in 342 days
2026-06-13T08:33:12Z [WARN] payment-service: Upstream timeout from auth-service on token-refresh endpoint after 3500ms
2026-06-13T08:33:15Z [DEBUG] database-cluster: Rate limit bucket for IP 192.168.104.247 now at 172/2038 requests per window
2026-06-13T08:33:17Z [INFO] payment-service: Deployed version 3.6.4 to production cluster
2026-06-13T08:33:20Z [DEBUG] gateway-service: Executing SQL query: SELECT * FROM orders WHERE user_id = 64104 LIMIT 50
2026-06-13T08:33:23Z [INFO] telemetry-agent: Graceful shutdown initiated, draining 133 in-flight requests
2026-06-13T08:33:25Z [DEBUG] database-cluster: Evicted 372 stale entries from LRU cache (current size: 12913)
2026-06-13T08:33:28Z [DEBUG] payment-service: Parsed incoming webhook body: 28 fields, signature=sha256=246c4e5b
2026-06-13T08:33:30Z [ERROR] auth-service: Timeout connecting to inventory-service after 2262ms (attempt 18/3)
2026-06-13T08:33:33Z [INFO] rate-limiter: Request req-128825 completed: POST /api/v1/users => 201 Created in 632ms
2026-06-13T08:33:35Z [INFO] inventory-service: Order 809724 status updated to SHIPPED
2026-06-13T08:33:38Z [ERROR] auth-service: Connection pool exhausted for database-cluster: all 344 connections in use, 47 waiting
2026-06-13T08:33:41Z [INFO] log-aggregator: Graceful shutdown initiated, draining 358 in-flight requests
2026-06-13T08:33:43Z [DEBUG] search-service: Acquired distributed lock on resource order-664336
2026-06-13T08:33:46Z [INFO] cron-scheduler: Service started on port 8080 in 2704ms
2026-06-13T08:33:49Z [ERROR] support-service: SSL certificate verification failed for upstream notification-service: cert expired
2026-06-13T08:33:51Z [INFO] metrics-collector: Metric snapshot exported: 35 series to monitoring backend
2026-06-13T08:33:54Z [DEBUG] user-service: Resolved DNS for db-replica-363.internal to 10.0.22.47
2026-06-13T08:33:56Z [INFO] cron-scheduler: TLS certificate renewed successfully, expires 2027-06-13
2026-06-13T08:33:59Z [WARN] telemetry-agent: Retry attempt 353/3 for payment-service /api/v1/charge: connection reset
2026-06-13T08:34:01Z [INFO] telemetry-agent: Background worker started: processing queue batch-302
2026-06-13T08:34:04Z [INFO] order-service: Search index rebuilt: 31 documents indexed in 1347ms
2026-06-13T08:34:07Z [DEBUG] telemetry-agent: Outbound HTTP POST to payment-gateway/api/v2/charge status=200 latency=2201ms
2026-06-13T08:34:09Z [DEBUG] metrics-collector: Outbound HTTP POST to payment-gateway/api/v2/charge status=200 latency=3634ms
2026-06-13T08:34:11Z [INFO] payment-service: Search index rebuilt: 83 documents indexed in 713ms
2026-06-13T08:34:14Z [INFO] gateway-service: Metric snapshot exported: 224 series to monitoring backend
2026-06-13T08:34:17Z [DEBUG] auth-service: Connection pool state: active=6 idle=3 waiting=0
2026-06-13T08:34:20Z [DEBUG] auth-service: Parsed incoming webhook body: 418 fields, signature=sha256=298604bc
2026-06-13T08:34:22Z [WARN] telemetry-agent: Disk usage on log volume at 85%, retention policy may need adjustment
2026-06-13T08:34:24Z [DEBUG] gateway-service: Rate limit bucket for IP 192.168.175.160 now at 330/861 requests per window
2026-06-13T08:34:27Z [INFO] cron-scheduler: User 60213 logged in successfully from IP 192.168.61.115
2026-06-13T08:34:29Z [INFO] telemetry-agent: TLS certificate renewed successfully, expires 2027-06-13
2026-06-13T08:34:32Z [INFO] order-service: WebSocket connection established with client-156
2026-06-13T08:34:35Z [WARN] search-service: Database connection wait time elevated: 2627ms avg over last minute
2026-06-13T08:34:37Z [DEBUG] rate-limiter: Cache lookup for key user:23931 returned 3.8.13 in 1503ms
2026-06-13T08:34:40Z [WARN] log-aggregator: Response size exceeded expected range: 22 bytes for GET /api/v1/catalog
2026-06-13T08:34:42Z [DEBUG] search-service: SQL query plan cache hit for hash 0bf9924d
2026-06-13T08:34:45Z [DEBUG] log-aggregator: Validating payload size: 364 bytes (max 1048576)
2026-06-13T08:34:48Z [DEBUG] telemetry-agent: Resolved DNS for db-replica-72.internal to 10.0.23.26
2026-06-13T08:34:50Z [DEBUG] auth-service: Connection pool state: active=28 idle=1 waiting=0
2026-06-13T08:34:53Z [DEBUG] telemetry-agent: Token introspection cache miss for sub=66151, refreshing from auth-server
2026-06-13T08:34:55Z [WARN] user-service: Retry attempt 118/3 for payment-service /api/v1/charge: connection reset
2026-06-13T08:34:58Z [INFO] log-aggregator: Email sent to user-48482: subject="Your order has shipped"
2026-06-13T08:35:00Z [DEBUG] user-service: Evicted 384 stale entries from LRU cache (current size: 22179)
2026-06-13T08:35:03Z [DEBUG] telemetry-agent: Tracing span eeda2259 started for POST /api/v1/checkout
2026-06-13T08:35:05Z [INFO] cache-layer: Graceful shutdown initiated, draining 386 in-flight requests
2026-06-13T08:35:08Z [INFO] log-aggregator: Deployed version 3.3.18 to production cluster
2026-06-13T08:35:11Z [INFO] gateway-service: Inventory count reconciled: 314 SKUs verified
2026-06-13T08:35:14Z [INFO] cron-scheduler: Graceful shutdown initiated, draining 421 in-flight requests
2026-06-13T08:35:16Z [INFO] notification-service: Email sent to user-55054: subject="Your order has shipped"
2026-06-13T08:35:18Z [DEBUG] user-service: WebSocket frame received: type=ping, payload=272 bytes
2026-06-13T08:35:21Z [WARN] cron-scheduler: Slow query detected: SELECT * FROM order_items took 3869ms (threshold 500ms)
2026-06-13T08:35:24Z [INFO] support-service: Request req-962892 completed: POST /api/v1/users => 201 Created in 90ms
2026-06-13T08:35:26Z [INFO] metrics-collector: Request req-224630 completed: POST /api/v1/users => 201 Created in 2406ms
2026-06-13T08:35:29Z [INFO] rate-limiter: User 62437 logged in successfully from IP 192.168.195.104
2026-06-13T08:35:31Z [DEBUG] log-aggregator: Measured p99 latency for search endpoint: 91ms over last 60s
2026-06-13T08:35:34Z [INFO] database-cluster: Email sent to user-42382: subject="Your order has shipped"
2026-06-13T08:35:36Z [ERROR] inventory-service: Incompatible schema version: consumer expects v381, producer sent v1958
2026-06-13T08:35:39Z [INFO] payment-service: Order 111908 status updated to SHIPPED
2026-06-13T08:35:42Z [DEBUG] gateway-service: WebSocket frame received: type=ping, payload=53 bytes
2026-06-13T08:35:44Z [DEBUG] auth-service: Config reloaded from remote: feature_flag.checkout_v2 = 3.6.2
2026-06-13T08:35:47Z [ERROR] database-cluster: Out of memory: process killed by OOM killer on node-401
2026-06-13T08:35:49Z [INFO] payment-service: Inventory count reconciled: 139 SKUs verified
2026-06-13T08:35:52Z [INFO] order-service: Deployed version 3.3.0 to production cluster
2026-06-13T08:35:54Z [INFO] payment-service: Health check passed: all 470 dependencies healthy
2026-06-13T08:35:57Z [INFO] log-aggregator: Order 158189 status updated to SHIPPED
2026-06-13T08:35:59Z [INFO] telemetry-agent: Inventory count reconciled: 177 SKUs verified
2026-06-13T08:36:02Z [DEBUG] support-service: Executing SQL query: SELECT * FROM orders WHERE user_id = 79707 LIMIT 50
2026-06-13T08:36:05Z [INFO] gateway-service: Rate limit reset for client-385: window cleared
2026-06-13T08:36:07Z [WARN] user-service: Stale data detected in user-service replica lag: 321s behind primary
2026-06-13T08:36:10Z [INFO] rate-limiter: Service started on port 9090 in 1530ms
2026-06-13T08:36:12Z [DEBUG] order-service: SQL query plan cache hit for hash faf846f7
2026-06-13T08:36:15Z [WARN] database-cluster: Database connection wait time elevated: 3668ms avg over last minute
2026-06-13T08:36:18Z [INFO] order-service: Scheduled cron job sync-inventory executed at 08:00:00
2026-06-13T08:36:20Z [INFO] metrics-collector: Email sent to user-85060: subject="Your order has shipped"
2026-06-13T08:36:23Z [INFO] metrics-collector: Health check passed: all 435 dependencies healthy
2026-06-13T08:36:26Z [INFO] telemetry-agent: Health check passed: all 166 dependencies healthy
2026-06-13T08:36:28Z [DEBUG] payment-service: Cache lookup for key user:85396 returned 3.2.16 in 2060ms
2026-06-13T08:36:31Z [INFO] telemetry-agent: Scheduled cron job sync-inventory executed at 08:00:00
2026-06-13T08:36:33Z [DEBUG] inventory-service: Config reloaded from remote: feature_flag.checkout_v2 = 3.6.12
2026-06-13T08:36:36Z [DEBUG] database-cluster: Validating payload size: 374 bytes (max 1048576)
2026-06-13T08:36:38Z [INFO] rate-limiter: Deployed version 3.9.6 to production cluster
2026-06-13T08:36:40Z [WARN] log-aggregator: Cache miss rate elevated: 72% over last 5 minutes on cache-layer
2026-06-13T08:36:43Z [ERROR] payment-service: Authentication failed for user-35311: invalid refresh token, session revoked
2026-06-13T08:36:46Z [INFO] cron-scheduler: Cleanup job finished: removed 296 expired sessions from Redis
2026-06-13T08:36:48Z [INFO] order-service: Health check passed: all 215 dependencies healthy
2026-06-13T08:36:51Z [INFO] gateway-service: Request req-907235 completed: POST /api/v1/users => 201 Created in 4291ms
2026-06-13T08:36:54Z [ERROR] gateway-service: Authentication failed for user-36439: invalid refresh token, session revoked
2026-06-13T08:36:56Z [INFO] payment-service: Health check passed: all 278 dependencies healthy
2026-06-13T08:36:59Z [DEBUG] gateway-service: Resolved DNS for db-replica-106.internal to 10.0.25.198
2026-06-13T08:37:01Z [INFO] inventory-service: Scheduled cron job sync-inventory executed at 08:00:00
2026-06-13T08:37:04Z [INFO] telemetry-agent: Notification queued: push notification to device-4600 for user-30836
2026-06-13T08:37:07Z [DEBUG] log-aggregator: Config reloaded from remote: feature_flag.checkout_v2 = 3.2.18
2026-06-13T08:37:09Z [ERROR] inventory-service: Database query failed: Deadlock found when trying to get lock on table order_items
2026-06-13T08:37:12Z [INFO] telemetry-agent: Cleanup job finished: removed 217 expired sessions from Redis
2026-06-13T08:37:14Z [INFO] search-service: Notification queued: push notification to device-2782 for user-44547
2026-06-13T08:37:17Z [INFO] inventory-service: WebSocket connection established with client-269
2026-06-13T08:37:19Z [INFO] notification-service: Service started on port 9090 in 4190ms
2026-06-13T08:37:22Z [INFO] gateway-service: Search index rebuilt: 394 documents indexed in 832ms
2026-06-13T08:37:24Z [WARN] telemetry-agent: Disk usage on log volume at 87%, retention policy may need adjustment
2026-06-13T08:37:27Z [WARN] user-service: Approaching rate limit: client-451 at 96% of hourly quota
2026-06-13T08:37:30Z [INFO] support-service: TLS certificate renewed successfully, expires 2027-06-13
2026-06-13T08:37:32Z [INFO] database-cluster: Background worker started: processing queue batch-155
2026-06-13T08:37:35Z [WARN] rate-limiter: Unrecognized field "legacy_id" in incoming payload, ignoring
2026-06-13T08:37:37Z [DEBUG] database-cluster: Connection pool state: active=23 idle=0 waiting=0
2026-06-13T08:37:40Z [INFO] cron-scheduler: Background worker started: processing queue batch-214
2026-06-13T08:37:43Z [DEBUG] metrics-collector: Tracing span 12798646 started for POST /api/v1/checkout
2026-06-13T08:37:45Z [INFO] cron-scheduler: Rate limit reset for client-446: window cleared
2026-06-13T08:37:48Z [DEBUG] user-service: Resolved DNS for db-replica-112.internal to 10.0.11.1
2026-06-13T08:37:50Z [ERROR] telemetry-agent: Kafka consumer group lag critical: topic=events, lag=151, threshold=10000
2026-06-13T08:37:53Z [INFO] search-service: Health check passed: all 259 dependencies healthy
2026-06-13T08:37:55Z [DEBUG] user-service: SQL query plan cache hit for hash c2cffc0f
2026-06-13T08:37:58Z [WARN] gateway-service: Response size exceeded expected range: 101 bytes for GET /api/v1/catalog
2026-06-13T08:38:00Z [DEBUG] cache-layer: Measured p99 latency for search endpoint: 157ms over last 60s
2026-06-13T08:38:03Z [DEBUG] auth-service: Signing JWT token with kid=rsa-key-2
2026-06-13T08:38:05Z [INFO] cron-scheduler: Cache warmed: 221 entries loaded from database snapshot
2026-06-13T08:38:08Z [WARN] cache-layer: Connection pool for database-cluster nearing capacity: 418/2823 active
2026-06-13T08:38:11Z [INFO] telemetry-agent: Deployed version 3.9.17 to production cluster
2026-06-13T08:38:13Z [ERROR] log-aggregator: Redis CLUSTERDOWN error: unable to route command GET user:91958:session
2026-06-13T08:38:16Z [DEBUG] order-service: Token introspection cache miss for sub=39439, refreshing from auth-server
2026-06-13T08:38:19Z [DEBUG] log-aggregator: Config reloaded from remote: feature_flag.checkout_v2 = 3.2.3
2026-06-13T08:38:21Z [WARN] rate-limiter: Response size exceeded expected range: 308 bytes for GET /api/v1/catalog
2026-06-13T08:38:23Z [INFO] order-service: Health check passed: all 88 dependencies healthy
2026-06-13T08:38:26Z [DEBUG] order-service: Resolved DNS for db-replica-410.internal to 10.0.3.187
2026-06-13T08:38:29Z [DEBUG] gateway-service: Executing SQL query: SELECT * FROM orders WHERE user_id = 50835 LIMIT 50
2026-06-13T08:38:31Z [DEBUG] auth-service: Collected metric batch: 219 datapoints queued for flush
2026-06-13T08:38:34Z [WARN] gateway-service: Memory usage at 97% of allocated limit on node-84
2026-06-13T08:38:36Z [INFO] user-service: Service started on port 8080 in 653ms
2026-06-13T08:38:39Z [INFO] payment-service: Deployed version 3.7.9 to production cluster
2026-06-13T08:38:41Z [INFO] rate-limiter: Database migration 261 applied successfully
2026-06-13T08:38:44Z [INFO] inventory-service: Rate limit reset for client-134: window cleared
2026-06-13T08:38:47Z [INFO] auth-service: User 23145 logged in successfully from IP 192.168.86.50
2026-06-13T08:38:49Z [INFO] inventory-service: Notification queued: push notification to device-6151 for user-35245
2026-06-13T08:38:52Z [WARN] log-aggregator: Cache miss rate elevated: 89% over last 5 minutes on cache-layer
2026-06-13T08:38:55Z [DEBUG] telemetry-agent: Resolved DNS for db-replica-411.internal to 10.0.10.188
2026-06-13T08:38:57Z [ERROR] metrics-collector: Out of memory: process killed by OOM killer on node-307
2026-06-13T08:39:00Z [INFO] log-aggregator: Request req-413357 completed: POST /api/v1/users => 201 Created in 398ms
2026-06-13T08:39:02Z [INFO] gateway-service: Notification queued: push notification to device-9708 for user-46746
2026-06-13T08:39:05Z [DEBUG] auth-service: Connection pool state: active=24 idle=6 waiting=0
2026-06-13T08:39:07Z [DEBUG] rate-limiter: WebSocket frame received: type=ping, payload=115 bytes
2026-06-13T08:39:10Z [INFO] order-service: Search index rebuilt: 426 documents indexed in 1138ms
2026-06-13T08:39:12Z [DEBUG] payment-service: Evicted 401 stale entries from LRU cache (current size: 39628)
2026-06-13T08:39:15Z [INFO] payment-service: WebSocket connection established with client-52
2026-06-13T08:39:18Z [INFO] user-service: Cache warmed: 227 entries loaded from database snapshot
2026-06-13T08:39:20Z [INFO] log-aggregator: Cleanup job finished: removed 285 expired sessions from Redis
2026-06-13T08:39:22Z [INFO] support-service: Database migration 71 applied successfully
2026-06-13T08:39:25Z [DEBUG] auth-service: Cache lookup for key user:42091 returned 3.3.2 in 2758ms
2026-06-13T08:39:28Z [INFO] user-service: Scheduled cron job sync-inventory executed at 08:00:00
2026-06-13T08:39:30Z [WARN] notification-service: Thread pool for order-service at 90% utilization, consider scaling
2026-06-13T08:39:33Z [ERROR] log-aggregator: SSL certificate verification failed for upstream notification-service: cert expired
2026-06-13T08:39:36Z [DEBUG] order-service: Resolved DNS for db-replica-463.internal to 10.0.6.38
2026-06-13T08:39:38Z [DEBUG] inventory-service: Signing JWT token with kid=rsa-key-4
2026-06-13T08:39:41Z [DEBUG] user-service: Validating payload size: 458 bytes (max 1048576)
2026-06-13T08:39:43Z [DEBUG] gateway-service: TLS handshake completed with downstream service order-service in 2075ms
2026-06-13T08:39:46Z [ERROR] gateway-service: Timeout connecting to inventory-service after 2391ms (attempt 202/3)
2026-06-13T08:39:48Z [INFO] cache-layer: TLS certificate renewed successfully, expires 2027-06-13
2026-06-13T08:39:51Z [DEBUG] auth-service: Validating payload size: 209 bytes (max 1048576)
2026-06-13T08:39:53Z [DEBUG] log-aggregator: Signing JWT token with kid=rsa-key-2
2026-06-13T08:39:56Z [WARN] payment-service: Cache miss rate elevated: 95% over last 5 minutes on cache-layer
2026-06-13T08:39:59Z [INFO] support-service: Deployed version 3.5.4 to production cluster
2026-06-13T08:40:01Z [WARN] payment-service: Thread pool for order-service at 92% utilization, consider scaling
2026-06-13T08:40:04Z [INFO] auth-service: Rate limit reset for client-242: window cleared
2026-06-13T08:40:06Z [ERROR] search-service: HTTP 503 from payment-service: service unavailable, retry-after=30s
2026-06-13T08:40:09Z [WARN] order-service: Degraded response from search-service: fallback to cached results
2026-06-13T08:40:12Z [WARN] rate-limiter: Thread pool for order-service at 83% utilization, consider scaling
2026-06-13T08:40:14Z [INFO] cache-layer: User 87626 logged in successfully from IP 192.168.17.177
2026-06-13T08:40:16Z [DEBUG] order-service: Rate limit bucket for IP 192.168.111.98 now at 452/1723 requests per window
2026-06-13T08:40:19Z [INFO] auth-service: Background worker started: processing queue batch-173
2026-06-13T08:40:22Z [DEBUG] log-aggregator: Evicted 401 stale entries from LRU cache (current size: 32648)
2026-06-13T08:40:24Z [INFO] database-cluster: Order 684790 status updated to SHIPPED
2026-06-13T08:40:27Z [INFO] search-service: Database migration 271 applied successfully
2026-06-13T08:40:29Z [ERROR] cache-layer: Kafka producer error: topic=order-events, partition=497, reason=LeaderNotAvailable
2026-06-13T08:40:32Z [DEBUG] rate-limiter: SQL query plan cache hit for hash c7dc824e
2026-06-13T08:40:35Z [INFO] log-aggregator: Health check passed: all 398 dependencies healthy
2026-06-13T08:40:37Z [INFO] support-service: User 32402 logged in successfully from IP 192.168.116.218
2026-06-13T08:40:40Z [ERROR] log-aggregator: Authentication failed for user-44021: invalid refresh token, session revoked
2026-06-13T08:40:43Z [INFO] database-cluster: User 58847 logged in successfully from IP 192.168.214.91
2026-06-13T08:40:45Z [INFO] database-cluster: Notification queued: push notification to device-5927 for user-51050
2026-06-13T08:40:47Z [WARN] database-cluster: Pending async jobs exceeds threshold: 307 in queue, expected <100
2026-06-13T08:40:50Z [INFO] rate-limiter: Request req-167874 completed: POST /api/v1/users => 201 Created in 235ms
2026-06-13T08:40:53Z [WARN] notification-service: Circuit breaker half-open for inventory-service, testing single request
2026-06-13T08:40:55Z [INFO] auth-service: Notification queued: push notification to device-4803 for user-57641
2026-06-13T08:40:58Z [INFO] metrics-collector: Health check passed: all 97 dependencies healthy
2026-06-13T08:41:00Z [INFO] telemetry-agent: Notification queued: push notification to device-9094 for user-25535
2026-06-13T08:41:03Z [ERROR] inventory-service: Webhook delivery failed to merchant-487: HTTP 400, response="invalid signature"
2026-06-13T08:41:05Z [DEBUG] notification-service: Acquired distributed lock on resource order-367755
2026-06-13T08:41:08Z [ERROR] rate-limiter: Database query failed: Deadlock found when trying to get lock on table order_items
2026-06-13T08:41:10Z [INFO] auth-service: Notification queued: push notification to device-1440 for user-74116
2026-06-13T08:41:13Z [WARN] user-service: SSL certificate for *.internal expires in 142 days
2026-06-13T08:41:16Z [INFO] search-service: User 63488 logged in successfully from IP 192.168.74.62
2026-06-13T08:41:18Z [INFO] order-service: Inventory count reconciled: 3 SKUs verified
2026-06-13T08:41:21Z [ERROR] support-service: Database query failed: Deadlock found when trying to get lock on table order_items
2026-06-13T08:41:24Z [ERROR] gateway-service: Upstream auth-service returned 500 on /oauth/token: response body empty
2026-06-13T08:41:26Z [INFO] metrics-collector: Database migration 226 applied successfully
2026-06-13T08:41:28Z [INFO] support-service: Cache warmed: 113 entries loaded from database snapshot
2026-06-13T08:41:31Z [DEBUG] order-service: Token introspection cache miss for sub=34322, refreshing from auth-server
2026-06-13T08:41:34Z [WARN] notification-service: Retry attempt 114/3 for payment-service /api/v1/charge: connection reset
2026-06-13T08:41:36Z [WARN] inventory-service: Unrecognized field "trace_id_extra" in incoming payload, ignoring
2026-06-13T08:41:39Z [WARN] support-service: Cache miss rate elevated: 89% over last 5 minutes on cache-layer
2026-06-13T08:41:41Z [INFO] cache-layer: Database migration 104 applied successfully
2026-06-13T08:41:44Z [ERROR] auth-service: Kafka consumer group lag critical: topic=events, lag=60, threshold=10000
2026-06-13T08:41:47Z [INFO] auth-service: Cache warmed: 126 entries loaded from database snapshot
2026-06-13T08:41:49Z [ERROR] order-service: Rate limiter malfunction: failed to decrement counter for client-167, bucket=global
2026-06-13T08:41:52Z [WARN] telemetry-agent: Pending async jobs exceeds threshold: 201 in queue, expected <100
2026-06-13T08:41:54Z [ERROR] user-service: Webhook delivery failed to merchant-36: HTTP 400, response="invalid signature"
2026-06-13T08:41:57Z [ERROR] order-service: Incompatible schema version: consumer expects v417, producer sent v602
2026-06-13T08:42:00Z [INFO] payment-service: User 42066 logged in successfully from IP 192.168.46.31
2026-06-13T08:42:02Z [INFO] cache-layer: Cache warmed: 431 entries loaded from database snapshot
2026-06-13T08:42:04Z [ERROR] notification-service: Data corruption detected in cache entry key=order:845668: expected SHA 2fc1623bb1c6, got 80069195164c
2026-06-13T08:42:07Z [INFO] telemetry-agent: Order 102307 status updated to SHIPPED
2026-06-13T08:42:10Z [WARN] rate-limiter: Cache miss rate elevated: 78% over last 5 minutes on cache-layer
2026-06-13T08:42:12Z [INFO] log-aggregator: Cache warmed: 309 entries loaded from database snapshot
2026-06-13T08:42:15Z [INFO] log-aggregator: Database migration 314 applied successfully
2026-06-13T08:42:17Z [INFO] log-aggregator: Scheduled cron job sync-inventory executed at 08:00:00
2026-06-13T08:42:20Z [WARN] log-aggregator: Unrecognized field "x_unknown" in incoming payload, ignoring
2026-06-13T08:42:23Z [INFO] user-service: Database migration 295 applied successfully
2026-06-13T08:42:25Z [WARN] rate-limiter: Memory usage at 90% of allocated limit on node-270
2026-06-13T08:42:28Z [INFO] notification-service: Service started on port 3000 in 590ms
2026-06-13T08:42:30Z [DEBUG] support-service: Config reloaded from remote: feature_flag.checkout_v2 = 3.4.16
2026-06-13T08:42:33Z [ERROR] gateway-service: Data corruption detected in cache entry key=order:589942: expected SHA 1dca969ecc23, got 108cc9ec979e
2026-06-13T08:42:35Z [WARN] telemetry-agent: Pending async jobs exceeds threshold: 337 in queue, expected <100
2026-06-13T08:42:38Z [WARN] rate-limiter: Stale data detected in user-service replica lag: 292s behind primary
2026-06-13T08:42:41Z [INFO] gateway-service: User 70497 logged in successfully from IP 192.168.8.190
2026-06-13T08:42:43Z [INFO] database-cluster: Request req-323571 completed: POST /api/v1/users => 201 Created in 3942ms
2026-06-13T08:42:46Z [DEBUG] cache-layer: Outbound HTTP POST to payment-gateway/api/v2/charge status=200 latency=2452ms
2026-06-13T08:42:48Z [INFO] gateway-service: Order 639090 status updated to SHIPPED
2026-06-13T08:42:51Z [INFO] user-service: Background worker started: processing queue batch-186
2026-06-13T08:42:54Z [DEBUG] inventory-service: Serialized event payload to Avro: schema_id=54, size=12951 bytes
2026-06-13T08:42:56Z [ERROR] rate-limiter: Unhandled exception in cron job sync-inventory: division by zero at InventorySync.java:362
2026-06-13T08:42:59Z [WARN] notification-service: Cache miss rate elevated: 83% over last 5 minutes on cache-layer
2026-06-13T08:43:02Z [INFO] user-service: Request req-499537 completed: POST /api/v1/users => 201 Created in 4313ms
2026-06-13T08:43:04Z [INFO] inventory-service: Request req-793117 completed: POST /api/v1/users => 201 Created in 2220ms
2026-06-13T08:43:06Z [INFO] inventory-service: User 35083 logged in successfully from IP 192.168.45.76
2026-06-13T08:43:09Z [WARN] support-service: Disk usage on log volume at 96%, retention policy may need adjustment
2026-06-13T08:43:11Z [INFO] metrics-collector: Deployed version 3.2.4 to production cluster
2026-06-13T08:43:14Z [WARN] cache-layer: Circuit breaker half-open for inventory-service, testing single request
2026-06-13T08:43:17Z [DEBUG] cron-scheduler: Config reloaded from remote: feature_flag.checkout_v2 = 3.5.12
2026-06-13T08:43:19Z [INFO] log-aggregator: Inventory count reconciled: 250 SKUs verified
2026-06-13T08:43:22Z [DEBUG] support-service: Connection pool state: active=3 idle=9 waiting=0
2026-06-13T08:43:24Z [WARN] user-service: SSL certificate for *.internal expires in 456 days
2026-06-13T08:43:27Z [DEBUG] telemetry-agent: SQL query plan cache hit for hash f8883405
2026-06-13T08:43:29Z [ERROR] cron-scheduler: Kafka consumer group lag critical: topic=events, lag=169, threshold=10000
2026-06-13T08:43:32Z [DEBUG] inventory-service: Evicted 380 stale entries from LRU cache (current size: 59976)
2026-06-13T08:43:35Z [INFO] search-service: Graceful shutdown initiated, draining 330 in-flight requests
2026-06-13T08:43:37Z [INFO] payment-service: Scheduled cron job sync-inventory executed at 08:00:00
2026-06-13T08:43:40Z [WARN] search-service: Cache miss rate elevated: 84% over last 5 minutes on cache-layer
2026-06-13T08:43:42Z [DEBUG] cache-layer: Connection pool state: active=20 idle=10 waiting=0
2026-06-13T08:43:45Z [INFO] database-cluster: Email sent to user-61577: subject="Your order has shipped"
2026-06-13T08:43:47Z [DEBUG] telemetry-agent: Acquired distributed lock on resource order-530487
2026-06-13T08:43:50Z [INFO] auth-service: Notification queued: push notification to device-1644 for user-38410
2026-06-13T08:43:53Z [INFO] log-aggregator: Graceful shutdown initiated, draining 162 in-flight requests
2026-06-13T08:43:55Z [DEBUG] auth-service: WebSocket frame received: type=ping, payload=277 bytes
2026-06-13T08:43:58Z [INFO] notification-service: Scheduled cron job sync-inventory executed at 08:00:00
2026-06-13T08:44:01Z [ERROR] user-service: Authentication failed for user-76398: invalid refresh token, session revoked
2026-06-13T08:44:03Z [DEBUG] telemetry-agent: Rate limit bucket for IP 192.168.143.74 now at 94/3170 requests per window
2026-06-13T08:44:06Z [INFO] order-service: WebSocket connection established with client-264
2026-06-13T08:44:08Z [DEBUG] metrics-collector: Outbound HTTP POST to payment-gateway/api/v2/charge status=200 latency=3189ms
2026-06-13T08:44:10Z [INFO] support-service: Cleanup job finished: removed 492 expired sessions from Redis
2026-06-13T08:44:13Z [DEBUG] user-service: Rate limit bucket for IP 192.168.16.248 now at 313/267 requests per window
2026-06-13T08:44:16Z [DEBUG] cron-scheduler: SQL query plan cache hit for hash e6bd7270
2026-06-13T08:44:18Z [INFO] telemetry-agent: Notification queued: push notification to device-6345 for user-11371
2026-06-13T08:44:21Z [WARN] order-service: Retry attempt 157/3 for payment-service /api/v1/charge: connection reset
2026-06-13T08:44:24Z [DEBUG] rate-limiter: Tracing span 54783b99 started for POST /api/v1/checkout
2026-06-13T08:44:26Z [WARN] metrics-collector: Deprecated API endpoint /api/v1/legacy/users called 6 times today
2026-06-13T08:44:29Z [INFO] gateway-service: Cache warmed: 441 entries loaded from database snapshot
2026-06-13T08:44:31Z [DEBUG] auth-service: Config reloaded from remote: feature_flag.checkout_v2 = 3.7.4
2026-06-13T08:44:34Z [DEBUG] cron-scheduler: Evicted 7 stale entries from LRU cache (current size: 24721)
2026-06-13T08:44:36Z [INFO] metrics-collector: Cleanup job finished: removed 30 expired sessions from Redis
2026-06-13T08:44:39Z [INFO] notification-service: User 46690 logged in successfully from IP 192.168.193.145
2026-06-13T08:44:41Z [INFO] support-service: Health check passed: all 443 dependencies healthy
2026-06-13T08:44:44Z [ERROR] inventory-service: Unhandled exception in cron job sync-inventory: division by zero at InventorySync.java:137
2026-06-13T08:44:47Z [ERROR] search-service: File system read-only on /var/log: errno=EROFS, logging to fallback path
2026-06-13T08:44:49Z [INFO] notification-service: TLS certificate renewed successfully, expires 2027-06-13 error_code = 500
2026-06-13T08:44:52Z [INFO] telemetry-agent: Cleanup job finished: removed 257 expired sessions from Redis
2026-06-13T08:44:54Z [DEBUG] cron-scheduler: Executing SQL query: SELECT * FROM orders WHERE user_id = 73082 LIMIT 50
2026-06-13T08:44:57Z [DEBUG] support-service: Signing JWT token with kid=rsa-key-1
{"ts":"2025-01-15T10:30:00Z","level":"info","msg":"request handled","duration_ms":42}
{"level":"error","msg":"x","ts":"2025-01-15T10:30:00Z"}
error_code = 500
